2026-06-25 10:07:09,912 INFO o.h.v.i.u.Version [background-preinit] HV000001: Hibernate Validator 9.1.0.Final
2026-06-25 10:07:10,001 INFO o.s.b.StartupInfoLogger [main] Starting LearncoreApplication using Java 21.0.6 with PID 20980 (C:\Users\USER\Desktop\PROJECTS\Tage Mage\LearnCore\learncore\target\classes started by USER in C:\Users\USER\Desktop\PROJECTS\Tage Mage\LearnCore\learncore)
2026-06-25 10:07:10,002 DEBUG o.s.b.StartupInfoLogger [main] Running with Spring Boot v4.1.0, Spring v7.0.8
2026-06-25 10:07:10,003 INFO o.s.b.SpringApplication [main] The following 1 profile is active: "dev"
2026-06-25 10:07:11,849 INFO o.s.d.r.c.RepositoryConfigurationDelegate [main] Bootstrapping Spring Data JPA repositories in DEFAULT mode.
2026-06-25 10:07:12,038 INFO o.s.d.r.c.RepositoryConfigurationDelegate [main] Finished Spring Data repository scanning in 173 ms. Found 9 JPA repository interfaces.
2026-06-25 10:07:13,931 INFO o.s.b.t.TomcatWebServer [main] Tomcat initialized with port 8088 (http)
2026-06-25 10:07:13,950 INFO o.a.j.l.DirectJDKLog [main] Initializing ProtocolHandler ["http-nio-8088"]
2026-06-25 10:07:13,955 INFO o.a.j.l.DirectJDKLog [main] Starting service [Tomcat]
2026-06-25 10:07:13,958 INFO o.a.j.l.DirectJDKLog [main] Starting Servlet engine: [Apache Tomcat/11.0.22]
2026-06-25 10:07:14,066 INFO o.s.b.w.c.s.WebApplicationContextInitializer [main] Root WebApplicationContext: initialization completed in 3962 ms
2026-06-25 10:07:14,408 INFO o.h.j.i.u.LogHelper [main] HHH008540: Processing PersistenceUnitInfo [name: default]
2026-06-25 10:07:14,488 INFO o.h.Version [main] HHH000001: Hibernate ORM core version 7.4.1.Final
2026-06-25 10:07:15,010 INFO o.s.o.j.p.SpringPersistenceUnitInfo [main] No LoadTimeWeaver setup: ignoring JPA class transformer
2026-06-25 10:07:15,047 INFO c.z.h.HikariDataSource [main] HikariPool-1 - Starting...
2026-06-25 10:07:15,608 INFO c.z.h.p.HikariPool [main] HikariPool-1 - Added connection com.mysql.cj.jdbc.ConnectionImpl@6a8da5c5
2026-06-25 10:07:15,612 INFO c.z.h.HikariDataSource [main] HikariPool-1 - Start completed.
2026-06-25 10:07:15,703 WARN o.h.e.j.d.i.DialectFactoryImpl [main] HHH90000025: MySQLDialect does not need to be specified explicitly using 'hibernate.dialect' (remove the property setting and it will be selected by default)
2026-06-25 10:07:15,727 INFO o.h.e.j.e.i.JdbcEnvironmentInitiator [main] HHH10001005: Database info:
	Database JDBC URL [jdbc:mysql://localhost:3306/learncore]
	Database driver: MySQL Connector/J
	Database dialect: MySQLDialect
	Database version: 9.1
	Default catalog/schema: learncore/undefined
	Autocommit mode: undefined/unknown
	Isolation level: REPEATABLE_READ [default REPEATABLE_READ]
	JDBC fetch size: none
	Pool: DataSourceConnectionProvider
	Minimum pool size: undefined/unknown
	Maximum pool size: undefined/unknown
2026-06-25 10:07:17,173 INFO o.h.e.t.j.p.i.JtaPlatformInitiator [main] HHH000489: No JTA platform available (set 'hibernate.transaction.jta.platform' to enable JTA platform integration)
2026-06-25 10:07:18,668 INFO o.s.o.j.AbstractEntityManagerFactoryBean [main] Initialized JPA EntityManagerFactory for persistence unit 'default'
2026-06-25 10:07:18,773 INFO o.s.d.j.r.q.QueryEnhancerFactories [main] Hibernate is in classpath; If applicable, HQL parser will be used.
2026-06-25 10:07:19,941 DEBUG o.s.w.f.GenericFilterBean [main] Filter 'jwtFilter' configured for use
2026-06-25 10:07:20,175 INFO o.s.s.c.a.a.c.InitializeAuthenticationProviderBeanManagerConfigurer$InitializeAuthenticationProviderManagerConfigurer [main] Global AuthenticationManager configured with AuthenticationProvider bean with name authenticationProvider
2026-06-25 10:07:20,175 WARN o.s.s.c.a.a.c.InitializeUserDetailsBeanManagerConfigurer$InitializeUserDetailsManagerConfigurer [main] Global AuthenticationManager configured with an AuthenticationProvider bean. UserDetailsService beans will not be used by Spring Security for automatically configuring username/password login. Consider removing the AuthenticationProvider bean. Alternatively, consider using the UserDetailsService in a manually instantiated DaoAuthenticationProvider. If the current configuration is intentional, to turn off this warning, increase the logging level of 'org.springframework.security.config.annotation.authentication.configuration.InitializeUserDetailsBeanManagerConfigurer' to ERROR
2026-06-25 10:07:20,654 WARN o.s.b.j.a.JpaBaseConfiguration$JpaWebConfiguration [main] spring.jpa.open-in-view is enabled by default. Therefore, database queries may be performed during view rendering. Explicitly configure spring.jpa.open-in-view to disable this warning
2026-06-25 10:07:21,529 INFO o.a.j.l.DirectJDKLog [main] Starting ProtocolHandler ["http-nio-8088"]
2026-06-25 10:07:21,540 INFO o.s.b.t.TomcatWebServer [main] Tomcat started on port 8088 (http) with context path '/api/v1'
2026-06-25 10:07:21,555 INFO o.s.b.StartupInfoLogger [main] Started LearncoreApplication in 12.61 seconds (process running for 13.435)
2026-06-25 10:07:21,681 INFO c.d.l.c.DataSeeder [main] Seeding permission: platform.staff.read
2026-06-25 10:07:21,742 INFO c.d.l.c.DataSeeder [main] Seeding permission: platform.tenant-admin.create
2026-06-25 10:07:21,749 INFO c.d.l.c.DataSeeder [main] Seeding permission: admin.staff.read
2026-06-25 10:07:21,754 INFO c.d.l.c.DataSeeder [main] Seeding permission: tenant.create
2026-06-25 10:07:21,757 INFO c.d.l.c.DataSeeder [main] Seeding permission: platform.role.create
2026-06-25 10:07:21,762 INFO c.d.l.c.DataSeeder [main] Seeding permission: tenant.read
2026-06-25 10:07:21,762 INFO c.d.l.c.DataSeeder [main] Seeding permission: admin.tenant.read
2026-06-25 10:07:21,771 INFO c.d.l.c.DataSeeder [main] Seeding permission: tenant.delete
2026-06-25 10:07:21,775 INFO c.d.l.c.DataSeeder [main] Seeding permission: tenant.student.read
2026-06-25 10:07:21,781 INFO c.d.l.c.DataSeeder [main] Seeding permission: admin.tenant.update
2026-06-25 10:07:21,785 INFO c.d.l.c.DataSeeder [main] Seeding permission: tenant.student.update
2026-06-25 10:07:21,789 INFO c.d.l.c.DataSeeder [main] Seeding permission: platform.staff.assign-super-admin
2026-06-25 10:07:21,793 INFO c.d.l.c.DataSeeder [main] Seeding permission: admin.staff.create
2026-06-25 10:07:21,796 INFO c.d.l.c.DataSeeder [main] Seeding permission: tenant.update
2026-06-25 10:07:21,796 INFO c.d.l.c.DataSeeder [main] Seeding permission: platform.staff.create
2026-06-25 10:07:21,796 INFO c.d.l.c.DataSeeder [main] Seeding permission: admin.role.create
2026-06-25 10:07:21,810 INFO c.d.l.c.DataSeeder [main] Seeding permission: admin.staff.update
2026-06-25 10:07:21,811 INFO c.d.l.c.DataSeeder [main] Seeding permission: platform.staff.update
2026-06-25 10:07:21,832 INFO c.d.l.c.DataSeeder [main] Seeding role: QUESTION_EDITOR
2026-06-25 10:07:21,850 INFO c.d.l.c.DataSeeder [main] Seeding role: STUDENT
2026-06-25 10:07:21,862 INFO c.d.l.c.DataSeeder [main] Seeding role: PLATFORM_MANAGER
2026-06-25 10:07:21,864 INFO c.d.l.c.DataSeeder [main] Seeding role: TENANT_ADMIN
2026-06-25 10:07:21,864 INFO c.d.l.c.DataSeeder [main] Seeding role: SUPER_ADMIN
2026-06-25 10:07:21,872 INFO c.d.l.c.DataSeeder [main] Seeding role: COURSE_EDITOR
2026-06-25 10:07:21,877 INFO c.d.l.c.DataSeeder [main] Seeding role: PLATFORM_ANALYST
2026-06-25 10:07:21,897 INFO c.d.l.c.DataSeeder [main] Assigned 18 permissions to role SUPER_ADMIN
2026-06-25 10:07:21,919 INFO c.d.l.c.DataSeeder [main] Assigned 8 permissions to role PLATFORM_MANAGER
2026-06-25 10:07:21,919 INFO c.d.l.c.DataSeeder [main] Assigned 8 permissions to role TENANT_ADMIN
2026-06-25 10:07:21,937 INFO c.d.l.c.DataSeeder [main] Seeding tenant: objectif600
2026-06-25 10:07:22,065 INFO c.d.l.c.DataSeeder [main] Seeded SUPER_ADMIN: jotsamikael@gmail.com (password from application.seed.super-admin.password)
2026-06-25 10:07:22,065 INFO c.d.l.c.DataSeeder [main] Data seeding complete. Tenant 'objectif600' uuid=tn_d0ceb683d24e43cc80fcd97e008566e0
2026-06-25 10:24:26,020 INFO o.a.j.l.DirectJDKLog [http-nio-8088-exec-3] Initializing Spring DispatcherServlet 'dispatcherServlet'
2026-06-25 10:24:26,026 INFO o.s.w.s.FrameworkServlet [http-nio-8088-exec-3] Initializing Servlet 'dispatcherServlet'
2026-06-25 10:24:26,029 INFO o.s.w.s.FrameworkServlet [http-nio-8088-exec-3] Completed initialization in 3 ms
2026-06-25 10:24:26,942 WARN o.h.e.j.s.SqlExceptionHelper [http-nio-8088-exec-3] HHH000247: ErrorCode: 1406, SQLState: 22001
2026-06-25 10:24:26,942 WARN o.h.e.j.s.SqlExceptionHelper [http-nio-8088-exec-3] Data truncation: Data too long for column 'token' at row 1
2026-06-25 10:32:42,783 INFO o.s.b.t.GracefulShutdown [SpringApplicationShutdownHook] Commencing graceful shutdown. Waiting for active requests to complete
2026-06-25 10:32:42,802 INFO o.s.b.t.GracefulShutdown [tomcat-shutdown] Graceful shutdown complete
2026-06-25 10:32:42,828 INFO o.s.o.j.AbstractEntityManagerFactoryBean [SpringApplicationShutdownHook] Closing JPA EntityManagerFactory for persistence unit 'default'
2026-06-25 10:32:42,845 INFO c.z.h.HikariDataSource [SpringApplicationShutdownHook] HikariPool-1 - Shutdown initiated...
2026-06-25 10:32:42,852 INFO c.z.h.HikariDataSource [SpringApplicationShutdownHook] HikariPool-1 - Shutdown completed.
2026-06-25 10:32:48,549 INFO o.h.v.i.u.Version [background-preinit] HV000001: Hibernate Validator 9.1.0.Final
2026-06-25 10:32:48,622 INFO o.s.b.StartupInfoLogger [main] Starting LearncoreApplication using Java 21.0.6 with PID 25348 (C:\Users\USER\Desktop\PROJECTS\Tage Mage\LearnCore\learncore\target\classes started by USER in C:\Users\USER\Desktop\PROJECTS\Tage Mage\LearnCore\learncore)
2026-06-25 10:32:48,624 DEBUG o.s.b.StartupInfoLogger [main] Running with Spring Boot v4.1.0, Spring v7.0.8
2026-06-25 10:32:48,624 INFO o.s.b.SpringApplication [main] The following 1 profile is active: "dev"
2026-06-25 10:32:50,081 INFO o.s.d.r.c.RepositoryConfigurationDelegate [main] Bootstrapping Spring Data JPA repositories in DEFAULT mode.
2026-06-25 10:32:50,206 INFO o.s.d.r.c.RepositoryConfigurationDelegate [main] Finished Spring Data repository scanning in 114 ms. Found 9 JPA repository interfaces.
2026-06-25 10:32:51,326 INFO o.s.b.t.TomcatWebServer [main] Tomcat initialized with port 8088 (http)
2026-06-25 10:32:51,345 INFO o.a.j.l.DirectJDKLog [main] Initializing ProtocolHandler ["http-nio-8088"]
2026-06-25 10:32:51,350 INFO o.a.j.l.DirectJDKLog [main] Starting service [Tomcat]
2026-06-25 10:32:51,350 INFO o.a.j.l.DirectJDKLog [main] Starting Servlet engine: [Apache Tomcat/11.0.22]
2026-06-25 10:32:51,438 INFO o.s.b.w.c.s.WebApplicationContextInitializer [main] Root WebApplicationContext: initialization completed in 2742 ms
2026-06-25 10:32:51,714 INFO o.h.j.i.u.LogHelper [main] HHH008540: Processing PersistenceUnitInfo [name: default]
2026-06-25 10:32:51,800 INFO o.h.Version [main] HHH000001: Hibernate ORM core version 7.4.1.Final
2026-06-25 10:32:52,503 INFO o.s.o.j.p.SpringPersistenceUnitInfo [main] No LoadTimeWeaver setup: ignoring JPA class transformer
2026-06-25 10:32:52,544 INFO c.z.h.HikariDataSource [main] HikariPool-1 - Starting...
2026-06-25 10:32:53,132 INFO c.z.h.p.HikariPool [main] HikariPool-1 - Added connection com.mysql.cj.jdbc.ConnectionImpl@6d4c7248
2026-06-25 10:32:53,132 INFO c.z.h.HikariDataSource [main] HikariPool-1 - Start completed.
2026-06-25 10:32:53,216 WARN o.h.e.j.d.i.DialectFactoryImpl [main] HHH90000025: MySQLDialect does not need to be specified explicitly using 'hibernate.dialect' (remove the property setting and it will be selected by default)
2026-06-25 10:32:53,253 INFO o.h.e.j.e.i.JdbcEnvironmentInitiator [main] HHH10001005: Database info:
	Database JDBC URL [jdbc:mysql://localhost:3306/learncore]
	Database driver: MySQL Connector/J
	Database dialect: MySQLDialect
	Database version: 9.1
	Default catalog/schema: learncore/undefined
	Autocommit mode: undefined/unknown
	Isolation level: REPEATABLE_READ [default REPEATABLE_READ]
	JDBC fetch size: none
	Pool: DataSourceConnectionProvider
	Minimum pool size: undefined/unknown
	Maximum pool size: undefined/unknown
2026-06-25 10:32:54,962 INFO o.h.e.t.j.p.i.JtaPlatformInitiator [main] HHH000489: No JTA platform available (set 'hibernate.transaction.jta.platform' to enable JTA platform integration)
2026-06-25 10:32:55,455 WARN o.h.t.s.i.ExceptionHandlerLoggedImpl [main] GenerationTarget encountered exception accepting command : Error executing DDL "
    alter table refresh_tokens 
       modify column token varchar(2048) not null" via JDBC [Specified key was too long; max key length is 3072 bytes]
org.hibernate.tool.schema.spi.CommandAcceptanceException: Error executing DDL "
    alter table refresh_tokens 
       modify column token varchar(2048) not null" via JDBC [Specified key was too long; max key length is 3072 bytes]
	at org.hibernate.tool.schema.internal.exec.GenerationTargetToDatabase.accept(GenerationTargetToDatabase.java:91)
	at org.hibernate.tool.schema.internal.AbstractSchemaMigrator.applySqlString(AbstractSchemaMigrator.java:566)
	at org.hibernate.tool.schema.internal.AbstractSchemaMigrator.applySqlStrings(AbstractSchemaMigrator.java:506)
	at org.hibernate.tool.schema.internal.AbstractSchemaMigrator.migrateTable(AbstractSchemaMigrator.java:324)
	at org.hibernate.tool.schema.internal.GroupedSchemaMigratorImpl.performTablesMigration(GroupedSchemaMigratorImpl.java:84)
	at org.hibernate.tool.schema.internal.AbstractSchemaMigrator.performMigration(AbstractSchemaMigrator.java:220)
	at org.hibernate.tool.schema.internal.AbstractSchemaMigrator.doMigration(AbstractSchemaMigrator.java:96)
	at org.hibernate.tool.schema.spi.SchemaManagementToolCoordinator.performDatabaseAction(SchemaManagementToolCoordinator.java:269)
	at org.hibernate.tool.schema.spi.SchemaManagementToolCoordinator.lambda$process$1(SchemaManagementToolCoordinator.java:101)
	at java.base/java.util.HashMap.forEach(HashMap.java:1429)
	at org.hibernate.tool.schema.spi.SchemaManagementToolCoordinator.process(SchemaManagementToolCoordinator.java:100)
	at org.hibernate.boot.internal.SessionFactoryObserverForSchemaExport.sessionFactoryCreated(SessionFactoryObserverForSchemaExport.java:35)
	at org.hibernate.internal.SessionFactoryObserverChain.sessionFactoryCreated(SessionFactoryObserverChain.java:33)
	at org.hibernate.internal.SessionFactoryImpl.<init>(SessionFactoryImpl.java:327)
	at org.hibernate.internal.SessionFactoryRegistry.instantiateSessionFactory(SessionFactoryRegistry.java:64)
	at org.hibernate.boot.internal.SessionFactoryBuilderImpl.build(SessionFactoryBuilderImpl.java:458)
	at org.hibernate.jpa.boot.internal.EntityManagerFactoryBuilderImpl.build(EntityManagerFactoryBuilderImpl.java:1452)
	at org.springframework.orm.jpa.vendor.SpringHibernateJpaPersistenceProvider.createContainerEntityManagerFactory(SpringHibernateJpaPersistenceProvider.java:93)
	at org.springframework.orm.jpa.LocalContainerEntityManagerFactoryBean.createNativeEntityManagerFactory(LocalContainerEntityManagerFactoryBean.java:443)
	at org.springframework.orm.jpa.AbstractEntityManagerFactoryBean.buildNativeEntityManagerFactory(AbstractEntityManagerFactoryBean.java:436)
	at org.springframework.orm.jpa.AbstractEntityManagerFactoryBean.afterPropertiesSet(AbstractEntityManagerFactoryBean.java:411)
	at org.springframework.orm.jpa.LocalContainerEntityManagerFactoryBean.afterPropertiesSet(LocalContainerEntityManagerFactoryBean.java:419)
	at org.springframework.beans.factory.support.AbstractAutowireCapableBeanFactory.invokeInitMethods(AbstractAutowireCapableBeanFactory.java:1862)
	at org.springframework.beans.factory.support.AbstractAutowireCapableBeanFactory.initializeBean(AbstractAutowireCapableBeanFactory.java:1811)
	at org.springframework.beans.factory.support.AbstractAutowireCapableBeanFactory.doCreateBean(AbstractAutowireCapableBeanFactory.java:603)
	at org.springframework.beans.factory.support.AbstractAutowireCapableBeanFactory.createBean(AbstractAutowireCapableBeanFactory.java:525)
	at org.springframework.beans.factory.support.AbstractBeanFactory.lambda$doGetBean$0(AbstractBeanFactory.java:333)
	at org.springframework.beans.factory.support.DefaultSingletonBeanRegistry.getSingleton(DefaultSingletonBeanRegistry.java:371)
	at org.springframework.beans.factory.support.AbstractBeanFactory.doGetBean(AbstractBeanFactory.java:331)
	at org.springframework.beans.factory.support.AbstractBeanFactory.getBean(AbstractBeanFactory.java:196)
	at org.springframework.beans.factory.support.BeanDefinitionValueResolver.resolveReference(BeanDefinitionValueResolver.java:365)
	at org.springframework.beans.factory.support.BeanDefinitionValueResolver.resolveValueIfNecessary(BeanDefinitionValueResolver.java:135)
	at org.springframework.beans.factory.support.ConstructorResolver.resolveConstructorArguments(ConstructorResolver.java:691)
	at org.springframework.beans.factory.support.ConstructorResolver.instantiateUsingFactoryMethod(ConstructorResolver.java:513)
	at org.springframework.beans.factory.support.AbstractAutowireCapableBeanFactory.instantiateUsingFactoryMethod(AbstractAutowireCapableBeanFactory.java:1360)
	at org.springframework.beans.factory.support.AbstractAutowireCapableBeanFactory.createBeanInstance(AbstractAutowireCapableBeanFactory.java:1192)
	at org.springframework.beans.factory.support.AbstractAutowireCapableBeanFactory.doCreateBean(AbstractAutowireCapableBeanFactory.java:565)
	at org.springframework.beans.factory.support.AbstractAutowireCapableBeanFactory.createBean(AbstractAutowireCapableBeanFactory.java:525)
	at org.springframework.beans.factory.support.AbstractBeanFactory.lambda$doGetBean$0(AbstractBeanFactory.java:333)
	at org.springframework.beans.factory.support.DefaultSingletonBeanRegistry.getSingleton(DefaultSingletonBeanRegistry.java:371)
	at org.springframework.beans.factory.support.AbstractBeanFactory.doGetBean(AbstractBeanFactory.java:331)
	at org.springframework.beans.factory.support.AbstractBeanFactory.getBean(AbstractBeanFactory.java:201)
	at org.springframework.beans.factory.support.BeanDefinitionValueResolver.resolveReference(BeanDefinitionValueResolver.java:356)
	at org.springframework.beans.factory.support.BeanDefinitionValueResolver.resolveValueIfNecessary(BeanDefinitionValueResolver.java:135)
	at org.springframework.beans.factory.support.AbstractAutowireCapableBeanFactory.applyPropertyValues(AbstractAutowireCapableBeanFactory.java:1710)
	at org.springframework.beans.factory.support.AbstractAutowireCapableBeanFactory.populateBean(AbstractAutowireCapableBeanFactory.java:1459)
	at org.springframework.beans.factory.support.AbstractAutowireCapableBeanFactory.doCreateBean(AbstractAutowireCapableBeanFactory.java:602)
	at org.springframework.beans.factory.support.AbstractAutowireCapableBeanFactory.createBean(AbstractAutowireCapableBeanFactory.java:525)
	at org.springframework.beans.factory.support.AbstractBeanFactory.lambda$doGetBean$0(AbstractBeanFactory.java:333)
	at org.springframework.beans.factory.support.DefaultSingletonBeanRegistry.getSingleton(DefaultSingletonBeanRegistry.java:371)
	at org.springframework.beans.factory.support.AbstractBeanFactory.doGetBean(AbstractBeanFactory.java:331)
	at org.springframework.beans.factory.support.AbstractBeanFactory.getBean(AbstractBeanFactory.java:201)
	at org.springframework.beans.factory.config.DependencyDescriptor.resolveCandidate(DependencyDescriptor.java:229)
	at org.springframework.beans.factory.support.DefaultListableBeanFactory.doResolveDependency(DefaultListableBeanFactory.java:1769)
	at org.springframework.beans.factory.support.DefaultListableBeanFactory.resolveDependency(DefaultListableBeanFactory.java:1658)
	at org.springframework.beans.factory.support.ConstructorResolver.resolveAutowiredArgument(ConstructorResolver.java:912)
	at org.springframework.beans.factory.support.ConstructorResolver.createArgumentArray(ConstructorResolver.java:791)
	at org.springframework.beans.factory.support.ConstructorResolver.autowireConstructor(ConstructorResolver.java:240)
	at org.springframework.beans.factory.support.AbstractAutowireCapableBeanFactory.autowireConstructor(AbstractAutowireCapableBeanFactory.java:1380)
	at org.springframework.beans.factory.support.AbstractAutowireCapableBeanFactory.createBeanInstance(AbstractAutowireCapableBeanFactory.java:1219)
	at org.springframework.beans.factory.support.AbstractAutowireCapableBeanFactory.doCreateBean(AbstractAutowireCapableBeanFactory.java:565)
	at org.springframework.beans.factory.support.AbstractAutowireCapableBeanFactory.createBean(AbstractAutowireCapableBeanFactory.java:525)
	at org.springframework.beans.factory.support.AbstractBeanFactory.lambda$doGetBean$0(AbstractBeanFactory.java:333)
	at org.springframework.beans.factory.support.DefaultSingletonBeanRegistry.getSingleton(DefaultSingletonBeanRegistry.java:371)
	at org.springframework.beans.factory.support.AbstractBeanFactory.doGetBean(AbstractBeanFactory.java:331)
	at org.springframework.beans.factory.support.AbstractBeanFactory.getBean(AbstractBeanFactory.java:201)
	at org.springframework.beans.factory.config.DependencyDescriptor.resolveCandidate(DependencyDescriptor.java:229)
	at org.springframework.beans.factory.support.DefaultListableBeanFactory.doResolveDependency(DefaultListableBeanFactory.java:1769)
	at org.springframework.beans.factory.support.DefaultListableBeanFactory.resolveDependency(DefaultListableBeanFactory.java:1658)
	at org.springframework.beans.factory.support.ConstructorResolver.resolveAutowiredArgument(ConstructorResolver.java:912)
	at org.springframework.beans.factory.support.ConstructorResolver.createArgumentArray(ConstructorResolver.java:791)
	at org.springframework.beans.factory.support.ConstructorResolver.autowireConstructor(ConstructorResolver.java:240)
	at org.springframework.beans.factory.support.AbstractAutowireCapableBeanFactory.autowireConstructor(AbstractAutowireCapableBeanFactory.java:1380)
	at org.springframework.beans.factory.support.AbstractAutowireCapableBeanFactory.createBeanInstance(AbstractAutowireCapableBeanFactory.java:1219)
	at org.springframework.beans.factory.support.AbstractAutowireCapableBeanFactory.doCreateBean(AbstractAutowireCapableBeanFactory.java:565)
	at org.springframework.beans.factory.support.AbstractAutowireCapableBeanFactory.createBean(AbstractAutowireCapableBeanFactory.java:525)
	at org.springframework.beans.factory.support.AbstractBeanFactory.lambda$doGetBean$0(AbstractBeanFactory.java:333)
	at org.springframework.beans.factory.support.DefaultSingletonBeanRegistry.getSingleton(DefaultSingletonBeanRegistry.java:371)
	at org.springframework.beans.factory.support.AbstractBeanFactory.doGetBean(AbstractBeanFactory.java:331)
	at org.springframework.beans.factory.support.AbstractBeanFactory.getBean(AbstractBeanFactory.java:201)
	at org.springframework.boot.web.servlet.ServletContextInitializerBeans.getOrderedBeansOfType(ServletContextInitializerBeans.java:231)
	at org.springframework.boot.web.servlet.ServletContextInitializerBeans.addAsRegistrationBean(ServletContextInitializerBeans.java:185)
	at org.springframework.boot.web.servlet.ServletContextInitializerBeans.addAsRegistrationBean(ServletContextInitializerBeans.java:180)
	at org.springframework.boot.web.servlet.ServletContextInitializerBeans.addAdaptableBeans(ServletContextInitializerBeans.java:165)
	at org.springframework.boot.web.servlet.ServletContextInitializerBeans.<init>(ServletContextInitializerBeans.java:97)
	at org.springframework.boot.web.context.servlet.WebApplicationContextInitializer.initialize(WebApplicationContextInitializer.java:53)
	at org.springframework.boot.tomcat.servlet.DeferredServletContainerInitializers.onStartup(DeferredServletContainerInitializers.java:55)
	at org.apache.catalina.core.StandardContext.startInternal(StandardContext.java:4420)
	at org.apache.catalina.util.LifecycleBase.start(LifecycleBase.java:164)
	at org.apache.catalina.core.ContainerBase$StartChild.call(ContainerBase.java:1162)
	at org.apache.catalina.core.ContainerBase$StartChild.call(ContainerBase.java:1158)
	at java.base/java.util.concurrent.FutureTask.run(FutureTask.java:317)
	at org.apache.tomcat.util.threads.InlineExecutorService.execute(InlineExecutorService.java:81)
	at java.base/java.util.concurrent.AbstractExecutorService.submit(AbstractExecutorService.java:145)
	at org.apache.catalina.core.ContainerBase.startInternal(ContainerBase.java:714)
	at org.apache.catalina.core.StandardHost.startInternal(StandardHost.java:780)
	at org.apache.catalina.util.LifecycleBase.start(LifecycleBase.java:164)
	at org.apache.catalina.core.ContainerBase$StartChild.call(ContainerBase.java:1162)
	at org.apache.catalina.core.ContainerBase$StartChild.call(ContainerBase.java:1158)
	at java.base/java.util.concurrent.FutureTask.run(FutureTask.java:317)
	at org.apache.tomcat.util.threads.InlineExecutorService.execute(InlineExecutorService.java:81)
	at java.base/java.util.concurrent.AbstractExecutorService.submit(AbstractExecutorService.java:145)
	at org.apache.catalina.core.ContainerBase.startInternal(ContainerBase.java:714)
	at org.apache.catalina.core.StandardEngine.startInternal(StandardEngine.java:201)
	at org.apache.catalina.util.LifecycleBase.start(LifecycleBase.java:164)
	at org.apache.catalina.core.StandardService.startInternal(StandardService.java:410)
	at org.apache.catalina.util.LifecycleBase.start(LifecycleBase.java:164)
	at org.apache.catalina.core.StandardServer.startInternal(StandardServer.java:864)
	at org.apache.catalina.util.LifecycleBase.start(LifecycleBase.java:164)
	at org.apache.catalina.startup.Tomcat.start(Tomcat.java:435)
	at org.springframework.boot.tomcat.TomcatWebServer.initialize(TomcatWebServer.java:131)
	at org.springframework.boot.tomcat.TomcatWebServer.<init>(TomcatWebServer.java:110)
	at org.springframework.boot.tomcat.servlet.TomcatServletWebServerFactory.getTomcatWebServer(TomcatServletWebServerFactory.java:429)
	at org.springframework.boot.tomcat.servlet.TomcatServletWebServerFactory.getWebServer(TomcatServletWebServerFactory.java:167)
	at org.springframework.boot.web.server.servlet.context.ServletWebServerApplicationContext.createWebServer(ServletWebServerApplicationContext.java:190)
	at org.springframework.boot.web.server.servlet.context.ServletWebServerApplicationContext.onRefresh(ServletWebServerApplicationContext.java:164)
	at org.springframework.context.support.AbstractApplicationContext.refresh(AbstractApplicationContext.java:615)
	at org.springframework.boot.web.server.servlet.context.ServletWebServerApplicationContext.refresh(ServletWebServerApplicationContext.java:143)
	at org.springframework.boot.SpringApplication.refresh(SpringApplication.java:756)
	at org.springframework.boot.SpringApplication.refreshContext(SpringApplication.java:445)
	at org.springframework.boot.SpringApplication.run(SpringApplication.java:321)
	at org.springframework.boot.SpringApplication.run(SpringApplication.java:1365)
	at org.springframework.boot.SpringApplication.run(SpringApplication.java:1354)
	at com.dodibo.learncore.LearncoreApplication.main(LearncoreApplication.java:14)
Caused by: java.sql.SQLSyntaxErrorException: Specified key was too long; max key length is 3072 bytes
	at com.mysql.cj.jdbc.exceptions.SQLError.createSQLException(SQLError.java:112)
	at com.mysql.cj.jdbc.exceptions.SQLExceptionsMapping.translateException(SQLExceptionsMapping.java:114)
	at com.mysql.cj.jdbc.StatementImpl.executeInternal(StatementImpl.java:839)
	at com.mysql.cj.jdbc.StatementImpl.execute(StatementImpl.java:687)
	at com.zaxxer.hikari.pool.ProxyStatement.execute(ProxyStatement.java:95)
	at com.zaxxer.hikari.pool.HikariProxyStatement.execute(HikariProxyStatement.java)
	at org.hibernate.tool.schema.internal.exec.GenerationTargetToDatabase.accept(GenerationTargetToDatabase.java:86)
	... 123 common frames omitted
2026-06-25 10:32:55,566 INFO o.s.o.j.AbstractEntityManagerFactoryBean [main] Initialized JPA EntityManagerFactory for persistence unit 'default'
2026-06-25 10:32:55,666 INFO o.s.d.j.r.q.QueryEnhancerFactories [main] Hibernate is in classpath; If applicable, HQL parser will be used.
2026-06-25 10:32:56,868 DEBUG o.s.w.f.GenericFilterBean [main] Filter 'jwtFilter' configured for use
2026-06-25 10:32:57,083 INFO o.s.s.c.a.a.c.InitializeAuthenticationProviderBeanManagerConfigurer$InitializeAuthenticationProviderManagerConfigurer [main] Global AuthenticationManager configured with AuthenticationProvider bean with name authenticationProvider
2026-06-25 10:32:57,085 WARN o.s.s.c.a.a.c.InitializeUserDetailsBeanManagerConfigurer$InitializeUserDetailsManagerConfigurer [main] Global AuthenticationManager configured with an AuthenticationProvider bean. UserDetailsService beans will not be used by Spring Security for automatically configuring username/password login. Consider removing the AuthenticationProvider bean. Alternatively, consider using the UserDetailsService in a manually instantiated DaoAuthenticationProvider. If the current configuration is intentional, to turn off this warning, increase the logging level of 'org.springframework.security.config.annotation.authentication.configuration.InitializeUserDetailsBeanManagerConfigurer' to ERROR
2026-06-25 10:32:57,549 WARN o.s.b.j.a.JpaBaseConfiguration$JpaWebConfiguration [main] spring.jpa.open-in-view is enabled by default. Therefore, database queries may be performed during view rendering. Explicitly configure spring.jpa.open-in-view to disable this warning
2026-06-25 10:32:58,458 INFO o.a.j.l.DirectJDKLog [main] Starting ProtocolHandler ["http-nio-8088"]
2026-06-25 10:32:58,486 INFO o.s.b.t.TomcatWebServer [main] Tomcat started on port 8088 (http) with context path '/api/v1'
2026-06-25 10:32:58,496 INFO o.s.b.StartupInfoLogger [main] Started LearncoreApplication in 10.813 seconds (process running for 11.476)
2026-06-25 10:32:58,797 INFO c.d.l.c.DataSeeder [main] Assigned 18 permissions to role SUPER_ADMIN
2026-06-25 10:32:58,871 INFO c.d.l.c.DataSeeder [main] Assigned 8 permissions to role PLATFORM_MANAGER
2026-06-25 10:32:58,884 INFO c.d.l.c.DataSeeder [main] Assigned 8 permissions to role TENANT_ADMIN
2026-06-25 10:32:58,912 INFO c.d.l.c.DataSeeder [main] Data seeding complete. Tenant 'objectif600' uuid=tn_d0ceb683d24e43cc80fcd97e008566e0
2026-06-25 10:36:54,457 INFO o.s.b.t.GracefulShutdown [SpringApplicationShutdownHook] Commencing graceful shutdown. Waiting for active requests to complete
2026-06-25 10:36:54,478 INFO o.s.b.t.GracefulShutdown [tomcat-shutdown] Graceful shutdown complete
2026-06-25 10:36:54,488 INFO o.s.o.j.AbstractEntityManagerFactoryBean [SpringApplicationShutdownHook] Closing JPA EntityManagerFactory for persistence unit 'default'
2026-06-25 10:36:54,493 INFO c.z.h.HikariDataSource [SpringApplicationShutdownHook] HikariPool-1 - Shutdown initiated...
2026-06-25 10:36:54,503 INFO c.z.h.HikariDataSource [SpringApplicationShutdownHook] HikariPool-1 - Shutdown completed.
2026-06-25 10:37:20,550 INFO o.h.v.i.u.Version [background-preinit] HV000001: Hibernate Validator 9.1.0.Final
2026-06-25 10:37:20,633 INFO o.s.b.StartupInfoLogger [main] Starting LearncoreApplication using Java 21.0.6 with PID 29268 (C:\Users\USER\Desktop\PROJECTS\Tage Mage\LearnCore\learncore\target\classes started by USER in C:\Users\USER\Desktop\PROJECTS\Tage Mage\LearnCore\learncore)
2026-06-25 10:37:20,633 DEBUG o.s.b.StartupInfoLogger [main] Running with Spring Boot v4.1.0, Spring v7.0.8
2026-06-25 10:37:20,635 INFO o.s.b.SpringApplication [main] The following 1 profile is active: "dev"
2026-06-25 10:37:22,041 INFO o.s.d.r.c.RepositoryConfigurationDelegate [main] Bootstrapping Spring Data JPA repositories in DEFAULT mode.
2026-06-25 10:37:22,178 INFO o.s.d.r.c.RepositoryConfigurationDelegate [main] Finished Spring Data repository scanning in 124 ms. Found 9 JPA repository interfaces.
2026-06-25 10:37:23,277 INFO o.s.b.t.TomcatWebServer [main] Tomcat initialized with port 8088 (http)
2026-06-25 10:37:23,299 INFO o.a.j.l.DirectJDKLog [main] Initializing ProtocolHandler ["http-nio-8088"]
2026-06-25 10:37:23,301 INFO o.a.j.l.DirectJDKLog [main] Starting service [Tomcat]
2026-06-25 10:37:23,301 INFO o.a.j.l.DirectJDKLog [main] Starting Servlet engine: [Apache Tomcat/11.0.22]
2026-06-25 10:37:23,396 INFO o.s.b.w.c.s.WebApplicationContextInitializer [main] Root WebApplicationContext: initialization completed in 2668 ms
2026-06-25 10:37:23,679 INFO o.h.j.i.u.LogHelper [main] HHH008540: Processing PersistenceUnitInfo [name: default]
2026-06-25 10:37:23,763 INFO o.h.Version [main] HHH000001: Hibernate ORM core version 7.4.1.Final
2026-06-25 10:37:24,457 INFO o.s.o.j.p.SpringPersistenceUnitInfo [main] No LoadTimeWeaver setup: ignoring JPA class transformer
2026-06-25 10:37:24,529 INFO c.z.h.HikariDataSource [main] HikariPool-1 - Starting...
2026-06-25 10:37:25,067 INFO c.z.h.p.HikariPool [main] HikariPool-1 - Added connection com.mysql.cj.jdbc.ConnectionImpl@178ebac3
2026-06-25 10:37:25,067 INFO c.z.h.HikariDataSource [main] HikariPool-1 - Start completed.
2026-06-25 10:37:25,130 WARN o.h.e.j.d.i.DialectFactoryImpl [main] HHH90000025: MySQLDialect does not need to be specified explicitly using 'hibernate.dialect' (remove the property setting and it will be selected by default)
2026-06-25 10:37:25,156 INFO o.h.e.j.e.i.JdbcEnvironmentInitiator [main] HHH10001005: Database info:
	Database JDBC URL [jdbc:mysql://localhost:3306/learncore]
	Database driver: MySQL Connector/J
	Database dialect: MySQLDialect
	Database version: 9.1
	Default catalog/schema: learncore/undefined
	Autocommit mode: undefined/unknown
	Isolation level: REPEATABLE_READ [default REPEATABLE_READ]
	JDBC fetch size: none
	Pool: DataSourceConnectionProvider
	Minimum pool size: undefined/unknown
	Maximum pool size: undefined/unknown
2026-06-25 10:37:26,942 INFO o.h.e.t.j.p.i.JtaPlatformInitiator [main] HHH000489: No JTA platform available (set 'hibernate.transaction.jta.platform' to enable JTA platform integration)
2026-06-25 10:37:28,595 INFO o.s.o.j.AbstractEntityManagerFactoryBean [main] Initialized JPA EntityManagerFactory for persistence unit 'default'
2026-06-25 10:37:28,693 INFO o.s.d.j.r.q.QueryEnhancerFactories [main] Hibernate is in classpath; If applicable, HQL parser will be used.
2026-06-25 10:37:29,940 DEBUG o.s.w.f.GenericFilterBean [main] Filter 'jwtFilter' configured for use
2026-06-25 10:37:30,193 INFO o.s.s.c.a.a.c.InitializeAuthenticationProviderBeanManagerConfigurer$InitializeAuthenticationProviderManagerConfigurer [main] Global AuthenticationManager configured with AuthenticationProvider bean with name authenticationProvider
2026-06-25 10:37:30,193 WARN o.s.s.c.a.a.c.InitializeUserDetailsBeanManagerConfigurer$InitializeUserDetailsManagerConfigurer [main] Global AuthenticationManager configured with an AuthenticationProvider bean. UserDetailsService beans will not be used by Spring Security for automatically configuring username/password login. Consider removing the AuthenticationProvider bean. Alternatively, consider using the UserDetailsService in a manually instantiated DaoAuthenticationProvider. If the current configuration is intentional, to turn off this warning, increase the logging level of 'org.springframework.security.config.annotation.authentication.configuration.InitializeUserDetailsBeanManagerConfigurer' to ERROR
2026-06-25 10:37:30,669 WARN o.s.b.j.a.JpaBaseConfiguration$JpaWebConfiguration [main] spring.jpa.open-in-view is enabled by default. Therefore, database queries may be performed during view rendering. Explicitly configure spring.jpa.open-in-view to disable this warning
2026-06-25 10:37:31,545 INFO o.a.j.l.DirectJDKLog [main] Starting ProtocolHandler ["http-nio-8088"]
2026-06-25 10:37:31,568 INFO o.s.b.t.TomcatWebServer [main] Tomcat started on port 8088 (http) with context path '/api/v1'
2026-06-25 10:37:31,579 INFO o.s.b.StartupInfoLogger [main] Started LearncoreApplication in 11.813 seconds (process running for 12.441)
2026-06-25 10:37:31,715 INFO c.d.l.c.DataSeeder [main] Seeding permission: platform.tenant-admin.create
2026-06-25 10:37:31,776 INFO c.d.l.c.DataSeeder [main] Seeding permission: admin.staff.read
2026-06-25 10:37:31,792 INFO c.d.l.c.DataSeeder [main] Seeding permission: tenant.create
2026-06-25 10:37:31,798 INFO c.d.l.c.DataSeeder [main] Seeding permission: platform.role.create
2026-06-25 10:37:31,803 INFO c.d.l.c.DataSeeder [main] Seeding permission: tenant.read
2026-06-25 10:37:31,808 INFO c.d.l.c.DataSeeder [main] Seeding permission: admin.tenant.read
2026-06-25 10:37:31,809 INFO c.d.l.c.DataSeeder [main] Seeding permission: tenant.delete
2026-06-25 10:37:31,809 INFO c.d.l.c.DataSeeder [main] Seeding permission: tenant.student.read
2026-06-25 10:37:31,809 INFO c.d.l.c.DataSeeder [main] Seeding permission: admin.tenant.update
2026-06-25 10:37:31,824 INFO c.d.l.c.DataSeeder [main] Seeding permission: tenant.student.update
2026-06-25 10:37:31,827 INFO c.d.l.c.DataSeeder [main] Seeding permission: platform.staff.assign-super-admin
2026-06-25 10:37:31,831 INFO c.d.l.c.DataSeeder [main] Seeding permission: admin.staff.create
2026-06-25 10:37:31,831 INFO c.d.l.c.DataSeeder [main] Seeding permission: tenant.update
2026-06-25 10:37:31,841 INFO c.d.l.c.DataSeeder [main] Seeding permission: platform.staff.create
2026-06-25 10:37:31,845 INFO c.d.l.c.DataSeeder [main] Seeding permission: admin.role.create
2026-06-25 10:37:31,848 INFO c.d.l.c.DataSeeder [main] Seeding permission: admin.staff.update
2026-06-25 10:37:31,853 INFO c.d.l.c.DataSeeder [main] Seeding permission: platform.staff.update
2026-06-25 10:37:31,856 INFO c.d.l.c.DataSeeder [main] Seeding permission: platform.staff.read
2026-06-25 10:37:31,880 INFO c.d.l.c.DataSeeder [main] Seeding role: QUESTION_EDITOR
2026-06-25 10:37:31,930 INFO c.d.l.c.DataSeeder [main] Seeding role: STUDENT
2026-06-25 10:37:31,935 INFO c.d.l.c.DataSeeder [main] Seeding role: PLATFORM_MANAGER
2026-06-25 10:37:31,951 INFO c.d.l.c.DataSeeder [main] Seeding role: TENANT_ADMIN
2026-06-25 10:37:31,959 INFO c.d.l.c.DataSeeder [main] Seeding role: SUPER_ADMIN
2026-06-25 10:37:31,969 INFO c.d.l.c.DataSeeder [main] Seeding role: COURSE_EDITOR
2026-06-25 10:37:31,984 INFO c.d.l.c.DataSeeder [main] Seeding role: PLATFORM_ANALYST
2026-06-25 10:37:32,056 INFO c.d.l.c.DataSeeder [main] Assigned 18 permissions to role SUPER_ADMIN
2026-06-25 10:37:32,086 INFO c.d.l.c.DataSeeder [main] Assigned 8 permissions to role PLATFORM_MANAGER
2026-06-25 10:37:32,098 INFO c.d.l.c.DataSeeder [main] Assigned 8 permissions to role TENANT_ADMIN
2026-06-25 10:37:32,113 INFO c.d.l.c.DataSeeder [main] Seeding tenant: objectif600
2026-06-25 10:37:32,254 INFO c.d.l.c.DataSeeder [main] Seeded SUPER_ADMIN: jotsamikael@gmail.com (password from application.seed.super-admin.password)
2026-06-25 10:37:32,254 INFO c.d.l.c.DataSeeder [main] Data seeding complete. Tenant 'objectif600' uuid=tn_f04a09c972de49a989362c3e0972a6e4
2026-06-25 10:39:10,189 INFO o.a.j.l.DirectJDKLog [http-nio-8088-exec-2] Initializing Spring DispatcherServlet 'dispatcherServlet'
2026-06-25 10:39:10,196 INFO o.s.w.s.FrameworkServlet [http-nio-8088-exec-2] Initializing Servlet 'dispatcherServlet'
2026-06-25 10:39:10,199 INFO o.s.w.s.FrameworkServlet [http-nio-8088-exec-2] Completed initialization in 3 ms
2026-06-25 10:44:47,012 INFO o.s.b.t.GracefulShutdown [SpringApplicationShutdownHook] Commencing graceful shutdown. Waiting for active requests to complete
2026-06-25 10:44:47,023 INFO o.s.b.t.GracefulShutdown [tomcat-shutdown] Graceful shutdown complete
2026-06-25 10:44:47,042 INFO o.s.o.j.AbstractEntityManagerFactoryBean [SpringApplicationShutdownHook] Closing JPA EntityManagerFactory for persistence unit 'default'
2026-06-25 10:44:47,042 INFO c.z.h.HikariDataSource [SpringApplicationShutdownHook] HikariPool-1 - Shutdown initiated...
2026-06-25 10:44:47,056 INFO c.z.h.HikariDataSource [SpringApplicationShutdownHook] HikariPool-1 - Shutdown completed.
2026-06-25 10:44:49,642 INFO o.h.v.i.u.Version [background-preinit] HV000001: Hibernate Validator 9.1.0.Final
2026-06-25 10:44:49,696 INFO o.s.b.StartupInfoLogger [main] Starting LearncoreApplication using Java 21.0.6 with PID 29396 (C:\Users\USER\Desktop\PROJECTS\Tage Mage\LearnCore\learncore\target\classes started by USER in C:\Users\USER\Desktop\PROJECTS\Tage Mage\LearnCore\learncore)
2026-06-25 10:44:49,696 DEBUG o.s.b.StartupInfoLogger [main] Running with Spring Boot v4.1.0, Spring v7.0.8
2026-06-25 10:44:49,696 INFO o.s.b.SpringApplication [main] The following 1 profile is active: "dev"
2026-06-25 10:44:51,037 INFO o.s.d.r.c.RepositoryConfigurationDelegate [main] Bootstrapping Spring Data JPA repositories in DEFAULT mode.
2026-06-25 10:44:51,170 INFO o.s.d.r.c.RepositoryConfigurationDelegate [main] Finished Spring Data repository scanning in 126 ms. Found 9 JPA repository interfaces.
2026-06-25 10:44:52,193 INFO o.s.b.t.TomcatWebServer [main] Tomcat initialized with port 8088 (http)
2026-06-25 10:44:52,209 INFO o.a.j.l.DirectJDKLog [main] Initializing ProtocolHandler ["http-nio-8088"]
2026-06-25 10:44:52,209 INFO o.a.j.l.DirectJDKLog [main] Starting service [Tomcat]
2026-06-25 10:44:52,209 INFO o.a.j.l.DirectJDKLog [main] Starting Servlet engine: [Apache Tomcat/11.0.22]
2026-06-25 10:44:52,319 INFO o.s.b.w.c.s.WebApplicationContextInitializer [main] Root WebApplicationContext: initialization completed in 2547 ms
2026-06-25 10:44:52,592 INFO o.h.j.i.u.LogHelper [main] HHH008540: Processing PersistenceUnitInfo [name: default]
2026-06-25 10:44:52,671 INFO o.h.Version [main] HHH000001: Hibernate ORM core version 7.4.1.Final
2026-06-25 10:44:53,209 INFO o.s.o.j.p.SpringPersistenceUnitInfo [main] No LoadTimeWeaver setup: ignoring JPA class transformer
2026-06-25 10:44:53,256 INFO c.z.h.HikariDataSource [main] HikariPool-1 - Starting...
2026-06-25 10:44:53,747 INFO c.z.h.p.HikariPool [main] HikariPool-1 - Added connection com.mysql.cj.jdbc.ConnectionImpl@17e8caf2
2026-06-25 10:44:53,755 INFO c.z.h.HikariDataSource [main] HikariPool-1 - Start completed.
2026-06-25 10:44:53,826 WARN o.h.e.j.d.i.DialectFactoryImpl [main] HHH90000025: MySQLDialect does not need to be specified explicitly using 'hibernate.dialect' (remove the property setting and it will be selected by default)
2026-06-25 10:44:53,852 INFO o.h.e.j.e.i.JdbcEnvironmentInitiator [main] HHH10001005: Database info:
	Database JDBC URL [jdbc:mysql://localhost:3306/learncore]
	Database driver: MySQL Connector/J
	Database dialect: MySQLDialect
	Database version: 9.1
	Default catalog/schema: learncore/undefined
	Autocommit mode: undefined/unknown
	Isolation level: REPEATABLE_READ [default REPEATABLE_READ]
	JDBC fetch size: none
	Pool: DataSourceConnectionProvider
	Minimum pool size: undefined/unknown
	Maximum pool size: undefined/unknown
2026-06-25 10:44:55,385 INFO o.h.e.t.j.p.i.JtaPlatformInitiator [main] HHH000489: No JTA platform available (set 'hibernate.transaction.jta.platform' to enable JTA platform integration)
2026-06-25 10:44:55,531 INFO o.s.o.j.AbstractEntityManagerFactoryBean [main] Initialized JPA EntityManagerFactory for persistence unit 'default'
2026-06-25 10:44:55,622 INFO o.s.d.j.r.q.QueryEnhancerFactories [main] Hibernate is in classpath; If applicable, HQL parser will be used.
2026-06-25 10:44:56,659 DEBUG o.s.w.f.GenericFilterBean [main] Filter 'jwtFilter' configured for use
2026-06-25 10:44:56,909 INFO o.s.s.c.a.a.c.InitializeAuthenticationProviderBeanManagerConfigurer$InitializeAuthenticationProviderManagerConfigurer [main] Global AuthenticationManager configured with AuthenticationProvider bean with name authenticationProvider
2026-06-25 10:44:56,909 WARN o.s.s.c.a.a.c.InitializeUserDetailsBeanManagerConfigurer$InitializeUserDetailsManagerConfigurer [main] Global AuthenticationManager configured with an AuthenticationProvider bean. UserDetailsService beans will not be used by Spring Security for automatically configuring username/password login. Consider removing the AuthenticationProvider bean. Alternatively, consider using the UserDetailsService in a manually instantiated DaoAuthenticationProvider. If the current configuration is intentional, to turn off this warning, increase the logging level of 'org.springframework.security.config.annotation.authentication.configuration.InitializeUserDetailsBeanManagerConfigurer' to ERROR
2026-06-25 10:44:57,368 WARN o.s.b.j.a.JpaBaseConfiguration$JpaWebConfiguration [main] spring.jpa.open-in-view is enabled by default. Therefore, database queries may be performed during view rendering. Explicitly configure spring.jpa.open-in-view to disable this warning
2026-06-25 10:44:58,269 INFO o.a.j.l.DirectJDKLog [main] Starting ProtocolHandler ["http-nio-8088"]
2026-06-25 10:44:58,293 INFO o.s.b.t.TomcatWebServer [main] Tomcat started on port 8088 (http) with context path '/api/v1'
2026-06-25 10:44:58,300 INFO o.s.b.StartupInfoLogger [main] Started LearncoreApplication in 9.42 seconds (process running for 10.086)
2026-06-25 10:44:58,600 INFO c.d.l.c.DataSeeder [main] Assigned 18 permissions to role SUPER_ADMIN
2026-06-25 10:44:58,694 INFO c.d.l.c.DataSeeder [main] Assigned 8 permissions to role PLATFORM_MANAGER
2026-06-25 10:44:58,714 INFO c.d.l.c.DataSeeder [main] Assigned 8 permissions to role TENANT_ADMIN
2026-06-25 10:44:58,729 INFO c.d.l.c.DataSeeder [main] Data seeding complete. Tenant 'objectif600' uuid=tn_f04a09c972de49a989362c3e0972a6e4
2026-06-25 10:45:07,095 INFO o.a.j.l.DirectJDKLog [http-nio-8088-exec-1] Initializing Spring DispatcherServlet 'dispatcherServlet'
2026-06-25 10:45:07,095 INFO o.s.w.s.FrameworkServlet [http-nio-8088-exec-1] Initializing Servlet 'dispatcherServlet'
2026-06-25 10:45:07,095 INFO o.s.w.s.FrameworkServlet [http-nio-8088-exec-1] Completed initialization in 0 ms
2026-06-25 10:58:17,958 INFO o.s.b.t.GracefulShutdown [SpringApplicationShutdownHook] Commencing graceful shutdown. Waiting for active requests to complete
2026-06-25 10:58:17,981 INFO o.s.b.t.GracefulShutdown [tomcat-shutdown] Graceful shutdown complete
2026-06-25 10:58:17,990 INFO o.s.o.j.AbstractEntityManagerFactoryBean [SpringApplicationShutdownHook] Closing JPA EntityManagerFactory for persistence unit 'default'
2026-06-25 10:58:17,994 INFO c.z.h.HikariDataSource [SpringApplicationShutdownHook] HikariPool-1 - Shutdown initiated...
2026-06-25 10:58:17,999 INFO c.z.h.HikariDataSource [SpringApplicationShutdownHook] HikariPool-1 - Shutdown completed.
2026-06-25 10:58:21,647 INFO o.h.v.i.u.Version [background-preinit] HV000001: Hibernate Validator 9.1.0.Final
2026-06-25 10:58:21,730 INFO o.s.b.StartupInfoLogger [main] Starting LearncoreApplication using Java 21.0.6 with PID 15520 (C:\Users\USER\Desktop\PROJECTS\Tage Mage\LearnCore\learncore\target\classes started by USER in C:\Users\USER\Desktop\PROJECTS\Tage Mage\LearnCore\learncore)
2026-06-25 10:58:21,732 DEBUG o.s.b.StartupInfoLogger [main] Running with Spring Boot v4.1.0, Spring v7.0.8
2026-06-25 10:58:21,732 INFO o.s.b.SpringApplication [main] The following 1 profile is active: "dev"
2026-06-25 10:58:23,762 INFO o.s.d.r.c.RepositoryConfigurationDelegate [main] Bootstrapping Spring Data JPA repositories in DEFAULT mode.
2026-06-25 10:58:24,188 INFO o.s.d.r.c.RepositoryConfigurationDelegate [main] Finished Spring Data repository scanning in 367 ms. Found 9 JPA repository interfaces.
2026-06-25 10:58:26,709 INFO o.s.b.t.TomcatWebServer [main] Tomcat initialized with port 8088 (http)
2026-06-25 10:58:26,780 INFO o.a.j.l.DirectJDKLog [main] Initializing ProtocolHandler ["http-nio-8088"]
2026-06-25 10:58:26,792 INFO o.a.j.l.DirectJDKLog [main] Starting service [Tomcat]
2026-06-25 10:58:26,796 INFO o.a.j.l.DirectJDKLog [main] Starting Servlet engine: [Apache Tomcat/11.0.22]
2026-06-25 10:58:27,060 INFO o.s.b.w.c.s.WebApplicationContextInitializer [main] Root WebApplicationContext: initialization completed in 5220 ms
2026-06-25 10:58:27,744 INFO o.h.j.i.u.LogHelper [main] HHH008540: Processing PersistenceUnitInfo [name: default]
2026-06-25 10:58:27,943 INFO o.h.Version [main] HHH000001: Hibernate ORM core version 7.4.1.Final
2026-06-25 10:58:29,445 INFO o.s.o.j.p.SpringPersistenceUnitInfo [main] No LoadTimeWeaver setup: ignoring JPA class transformer
2026-06-25 10:58:29,543 INFO c.z.h.HikariDataSource [main] HikariPool-1 - Starting...
2026-06-25 10:58:30,497 INFO c.z.h.p.HikariPool [main] HikariPool-1 - Added connection com.mysql.cj.jdbc.ConnectionImpl@1e75af65
2026-06-25 10:58:30,502 INFO c.z.h.HikariDataSource [main] HikariPool-1 - Start completed.
2026-06-25 10:58:30,701 WARN o.h.e.j.d.i.DialectFactoryImpl [main] HHH90000025: MySQLDialect does not need to be specified explicitly using 'hibernate.dialect' (remove the property setting and it will be selected by default)
2026-06-25 10:58:30,793 INFO o.h.e.j.e.i.JdbcEnvironmentInitiator [main] HHH10001005: Database info:
	Database JDBC URL [jdbc:mysql://localhost:3306/learncore]
	Database driver: MySQL Connector/J
	Database dialect: MySQLDialect
	Database version: 9.1
	Default catalog/schema: learncore/undefined
	Autocommit mode: undefined/unknown
	Isolation level: REPEATABLE_READ [default REPEATABLE_READ]
	JDBC fetch size: none
	Pool: DataSourceConnectionProvider
	Minimum pool size: undefined/unknown
	Maximum pool size: undefined/unknown
2026-06-25 10:58:34,586 INFO o.h.e.t.j.p.i.JtaPlatformInitiator [main] HHH000489: No JTA platform available (set 'hibernate.transaction.jta.platform' to enable JTA platform integration)
2026-06-25 10:58:34,877 INFO o.s.o.j.AbstractEntityManagerFactoryBean [main] Initialized JPA EntityManagerFactory for persistence unit 'default'
2026-06-25 10:58:35,055 INFO o.s.d.j.r.q.QueryEnhancerFactories [main] Hibernate is in classpath; If applicable, HQL parser will be used.
2026-06-25 10:58:38,206 DEBUG o.s.w.f.GenericFilterBean [main] Filter 'jwtFilter' configured for use
2026-06-25 10:58:39,173 INFO o.s.s.c.a.a.c.InitializeAuthenticationProviderBeanManagerConfigurer$InitializeAuthenticationProviderManagerConfigurer [main] Global AuthenticationManager configured with AuthenticationProvider bean with name authenticationProvider
2026-06-25 10:58:39,179 WARN o.s.s.c.a.a.c.InitializeUserDetailsBeanManagerConfigurer$InitializeUserDetailsManagerConfigurer [main] Global AuthenticationManager configured with an AuthenticationProvider bean. UserDetailsService beans will not be used by Spring Security for automatically configuring username/password login. Consider removing the AuthenticationProvider bean. Alternatively, consider using the UserDetailsService in a manually instantiated DaoAuthenticationProvider. If the current configuration is intentional, to turn off this warning, increase the logging level of 'org.springframework.security.config.annotation.authentication.configuration.InitializeUserDetailsBeanManagerConfigurer' to ERROR
2026-06-25 10:58:40,193 WARN o.s.b.j.a.JpaBaseConfiguration$JpaWebConfiguration [main] spring.jpa.open-in-view is enabled by default. Therefore, database queries may be performed during view rendering. Explicitly configure spring.jpa.open-in-view to disable this warning
2026-06-25 10:58:42,475 INFO o.a.j.l.DirectJDKLog [main] Starting ProtocolHandler ["http-nio-8088"]
2026-06-25 10:58:42,523 INFO o.s.b.t.TomcatWebServer [main] Tomcat started on port 8088 (http) with context path '/api/v1'
2026-06-25 10:58:42,550 INFO o.s.b.StartupInfoLogger [main] Started LearncoreApplication in 21.817 seconds (process running for 22.662)
2026-06-25 10:58:43,187 INFO c.d.l.c.DataSeeder [main] Assigned 18 permissions to role SUPER_ADMIN
2026-06-25 10:58:43,358 INFO c.d.l.c.DataSeeder [main] Assigned 8 permissions to role PLATFORM_MANAGER
2026-06-25 10:58:43,382 INFO c.d.l.c.DataSeeder [main] Assigned 8 permissions to role TENANT_ADMIN
2026-06-25 10:58:43,405 INFO c.d.l.c.DataSeeder [main] Data seeding complete. Tenant 'objectif600' uuid=tn_f04a09c972de49a989362c3e0972a6e4
2026-06-25 11:05:17,899 INFO o.a.j.l.DirectJDKLog [http-nio-8088-exec-1] Initializing Spring DispatcherServlet 'dispatcherServlet'
2026-06-25 11:05:17,901 INFO o.s.w.s.FrameworkServlet [http-nio-8088-exec-1] Initializing Servlet 'dispatcherServlet'
2026-06-25 11:05:17,904 INFO o.s.w.s.FrameworkServlet [http-nio-8088-exec-1] Completed initialization in 3 ms
2026-06-25 11:23:06,004 INFO o.s.b.t.GracefulShutdown [SpringApplicationShutdownHook] Commencing graceful shutdown. Waiting for active requests to complete
2026-06-25 11:23:06,024 INFO o.s.b.t.GracefulShutdown [tomcat-shutdown] Graceful shutdown complete
2026-06-25 11:23:06,032 INFO o.s.o.j.AbstractEntityManagerFactoryBean [SpringApplicationShutdownHook] Closing JPA EntityManagerFactory for persistence unit 'default'
2026-06-25 11:23:06,039 INFO c.z.h.HikariDataSource [SpringApplicationShutdownHook] HikariPool-1 - Shutdown initiated...
2026-06-25 11:23:06,045 INFO c.z.h.HikariDataSource [SpringApplicationShutdownHook] HikariPool-1 - Shutdown completed.
2026-06-25 11:23:14,409 INFO o.h.v.i.u.Version [background-preinit] HV000001: Hibernate Validator 9.1.0.Final
2026-06-25 11:23:14,490 INFO o.s.b.StartupInfoLogger [main] Starting LearncoreApplication using Java 21.0.6 with PID 5656 (C:\Users\USER\Desktop\PROJECTS\Tage Mage\LearnCore\learncore\target\classes started by USER in C:\Users\USER\Desktop\PROJECTS\Tage Mage\LearnCore\learncore)
2026-06-25 11:23:14,491 DEBUG o.s.b.StartupInfoLogger [main] Running with Spring Boot v4.1.0, Spring v7.0.8
2026-06-25 11:23:14,491 INFO o.s.b.SpringApplication [main] The following 1 profile is active: "dev"
2026-06-25 11:23:17,740 INFO o.s.d.r.c.RepositoryConfigurationDelegate [main] Bootstrapping Spring Data JPA repositories in DEFAULT mode.
2026-06-25 11:23:17,991 INFO o.s.d.r.c.RepositoryConfigurationDelegate [main] Finished Spring Data repository scanning in 231 ms. Found 9 JPA repository interfaces.
2026-06-25 11:23:20,649 INFO o.s.b.t.TomcatWebServer [main] Tomcat initialized with port 8088 (http)
2026-06-25 11:23:20,679 INFO o.a.j.l.DirectJDKLog [main] Initializing ProtocolHandler ["http-nio-8088"]
2026-06-25 11:23:20,696 INFO o.a.j.l.DirectJDKLog [main] Starting service [Tomcat]
2026-06-25 11:23:20,698 INFO o.a.j.l.DirectJDKLog [main] Starting Servlet engine: [Apache Tomcat/11.0.22]
2026-06-25 11:23:20,940 INFO o.s.b.w.c.s.WebApplicationContextInitializer [main] Root WebApplicationContext: initialization completed in 6344 ms
2026-06-25 11:23:21,589 INFO o.h.j.i.u.LogHelper [main] HHH008540: Processing PersistenceUnitInfo [name: default]
2026-06-25 11:23:21,707 INFO o.h.Version [main] HHH000001: Hibernate ORM core version 7.4.1.Final
2026-06-25 11:23:22,767 INFO o.s.o.j.p.SpringPersistenceUnitInfo [main] No LoadTimeWeaver setup: ignoring JPA class transformer
2026-06-25 11:23:22,883 INFO c.z.h.HikariDataSource [main] HikariPool-1 - Starting...
2026-06-25 11:23:24,116 INFO c.z.h.p.HikariPool [main] HikariPool-1 - Added connection com.mysql.cj.jdbc.ConnectionImpl@7ffe8a82
2026-06-25 11:23:24,122 INFO c.z.h.HikariDataSource [main] HikariPool-1 - Start completed.
2026-06-25 11:23:24,270 WARN o.h.e.j.d.i.DialectFactoryImpl [main] HHH90000025: MySQLDialect does not need to be specified explicitly using 'hibernate.dialect' (remove the property setting and it will be selected by default)
2026-06-25 11:23:24,311 INFO o.h.e.j.e.i.JdbcEnvironmentInitiator [main] HHH10001005: Database info:
	Database JDBC URL [jdbc:mysql://localhost:3306/learncore]
	Database driver: MySQL Connector/J
	Database dialect: MySQLDialect
	Database version: 9.1
	Default catalog/schema: learncore/undefined
	Autocommit mode: undefined/unknown
	Isolation level: REPEATABLE_READ [default REPEATABLE_READ]
	JDBC fetch size: none
	Pool: DataSourceConnectionProvider
	Minimum pool size: undefined/unknown
	Maximum pool size: undefined/unknown
2026-06-25 11:23:27,116 INFO o.h.e.t.j.p.i.JtaPlatformInitiator [main] HHH000489: No JTA platform available (set 'hibernate.transaction.jta.platform' to enable JTA platform integration)
2026-06-25 11:23:27,254 INFO o.s.o.j.AbstractEntityManagerFactoryBean [main] Initialized JPA EntityManagerFactory for persistence unit 'default'
2026-06-25 11:23:27,395 INFO o.s.d.j.r.q.QueryEnhancerFactories [main] Hibernate is in classpath; If applicable, HQL parser will be used.
2026-06-25 11:23:29,153 DEBUG o.s.w.f.GenericFilterBean [main] Filter 'jwtFilter' configured for use
2026-06-25 11:23:29,485 INFO o.s.s.c.a.a.c.InitializeAuthenticationProviderBeanManagerConfigurer$InitializeAuthenticationProviderManagerConfigurer [main] Global AuthenticationManager configured with AuthenticationProvider bean with name authenticationProvider
2026-06-25 11:23:29,486 WARN o.s.s.c.a.a.c.InitializeUserDetailsBeanManagerConfigurer$InitializeUserDetailsManagerConfigurer [main] Global AuthenticationManager configured with an AuthenticationProvider bean. UserDetailsService beans will not be used by Spring Security for automatically configuring username/password login. Consider removing the AuthenticationProvider bean. Alternatively, consider using the UserDetailsService in a manually instantiated DaoAuthenticationProvider. If the current configuration is intentional, to turn off this warning, increase the logging level of 'org.springframework.security.config.annotation.authentication.configuration.InitializeUserDetailsBeanManagerConfigurer' to ERROR
2026-06-25 11:23:30,239 WARN o.s.b.j.a.JpaBaseConfiguration$JpaWebConfiguration [main] spring.jpa.open-in-view is enabled by default. Therefore, database queries may be performed during view rendering. Explicitly configure spring.jpa.open-in-view to disable this warning
2026-06-25 11:23:31,513 INFO o.a.j.l.DirectJDKLog [main] Starting ProtocolHandler ["http-nio-8088"]
2026-06-25 11:23:31,552 INFO o.s.b.t.TomcatWebServer [main] Tomcat started on port 8088 (http) with context path '/api/v1'
2026-06-25 11:23:31,565 INFO o.s.b.StartupInfoLogger [main] Started LearncoreApplication in 18.353 seconds (process running for 19.284)
2026-06-25 11:23:31,935 INFO c.d.l.c.DataSeeder [main] Assigned 18 permissions to role SUPER_ADMIN
2026-06-25 11:23:32,020 INFO c.d.l.c.DataSeeder [main] Assigned 8 permissions to role PLATFORM_MANAGER
2026-06-25 11:23:32,045 INFO c.d.l.c.DataSeeder [main] Assigned 8 permissions to role TENANT_ADMIN
2026-06-25 11:23:32,063 INFO c.d.l.c.DataSeeder [main] Data seeding complete. Tenant 'objectif600' uuid=tn_f04a09c972de49a989362c3e0972a6e4
2026-06-25 11:23:50,513 INFO o.a.j.l.DirectJDKLog [http-nio-8088-exec-2] Initializing Spring DispatcherServlet 'dispatcherServlet'
2026-06-25 11:23:50,513 INFO o.s.w.s.FrameworkServlet [http-nio-8088-exec-2] Initializing Servlet 'dispatcherServlet'
2026-06-25 11:23:50,520 INFO o.s.w.s.FrameworkServlet [http-nio-8088-exec-2] Completed initialization in 3 ms
2026-06-25 14:01:13,952 WARN c.z.h.p.HikariPool$HouseKeeper [HikariPool-1:housekeeper] HikariPool-1 - Thread starvation or clock leap detected (housekeeper delta=46m17s960ms101µs).
2026-06-25 14:10:59,558 WARN o.h.e.j.s.SqlExceptionHelper [http-nio-8088-exec-8] HHH000247: ErrorCode: 1048, SQLState: 23000
2026-06-25 14:10:59,559 WARN o.h.e.j.s.SqlExceptionHelper [http-nio-8088-exec-8] Column 'username' cannot be null
2026-06-25 14:11:00,215 ERROR o.s.a.i.SimpleAsyncUncaughtExceptionHandler [task-1] Unexpected exception occurred invoking async method: public void com.dodibo.learncore.email.EmailService.sendEmail(java.lang.String,java.lang.String,com.dodibo.learncore.email.EmailTemplateName,java.lang.String,java.lang.String,java.lang.String) throws jakarta.mail.MessagingException
org.springframework.mail.MailSendException: Mail server connection failed. Failed messages: org.eclipse.angus.mail.util.MailConnectException: Couldn't connect to host, port: localhost, 1025; timeout -1;
  nested exception is:
	java.net.ConnectException: Connection refused: connect; message exceptions (1) are:
Failed message 1: org.eclipse.angus.mail.util.MailConnectException: Couldn't connect to host, port: localhost, 1025; timeout -1;
  nested exception is:
	java.net.ConnectException: Connection refused: connect
	at org.springframework.mail.javamail.JavaMailSenderImpl.doSend(JavaMailSenderImpl.java:397)
	at org.springframework.mail.javamail.JavaMailSenderImpl.send(JavaMailSenderImpl.java:337)
	at org.springframework.mail.javamail.JavaMailSender.send(JavaMailSender.java:101)
	at com.dodibo.learncore.email.EmailService.sendEmail(EmailService.java:60)
	at java.base/jdk.internal.reflect.DirectMethodHandleAccessor.invoke(DirectMethodHandleAccessor.java:103)
	at java.base/java.lang.reflect.Method.invoke(Method.java:580)
	at org.springframework.aop.support.AopUtils.invokeJoinpointUsingReflection(AopUtils.java:359)
	at org.springframework.aop.framework.ReflectiveMethodInvocation.invokeJoinpoint(ReflectiveMethodInvocation.java:190)
	at org.springframework.aop.framework.ReflectiveMethodInvocation.proceed(ReflectiveMethodInvocation.java:158)
	at org.springframework.aop.interceptor.AsyncExecutionInterceptor.lambda$invoke$0(AsyncExecutionInterceptor.java:112)
	at java.base/java.util.concurrent.FutureTask.run(FutureTask.java:317)
	at java.base/java.util.concurrent.ThreadPoolExecutor.runWorker(ThreadPoolExecutor.java:1144)
	at java.base/java.util.concurrent.ThreadPoolExecutor$Worker.run(ThreadPoolExecutor.java:642)
	at java.base/java.lang.Thread.run(Thread.java:1583)
Caused by: org.eclipse.angus.mail.util.MailConnectException: Couldn't connect to host, port: localhost, 1025; timeout -1;
  nested exception is:
	java.net.ConnectException: Connection refused: connect
	at org.eclipse.angus.mail.smtp.SMTPTransport.openServer(SMTPTransport.java:2243)
	at org.eclipse.angus.mail.smtp.SMTPTransport.protocolConnect(SMTPTransport.java:729)
	at jakarta.mail.Service.connect(Service.java:345)
	at org.springframework.mail.javamail.JavaMailSenderImpl.connectTransport(JavaMailSenderImpl.java:467)
	at org.springframework.mail.javamail.JavaMailSenderImpl.doSend(JavaMailSenderImpl.java:386)
	... 13 common frames omitted
Caused by: java.net.ConnectException: Connection refused: connect
	at java.base/sun.nio.ch.Net.connect0(Native Method)
	at java.base/sun.nio.ch.Net.connect(Net.java:589)
	at java.base/sun.nio.ch.Net.connect(Net.java:578)
	at java.base/sun.nio.ch.NioSocketImpl.connect(NioSocketImpl.java:583)
	at java.base/java.net.SocksSocketImpl.connect(SocksSocketImpl.java:327)
	at java.base/java.net.Socket.connect(Socket.java:751)
	at java.base/java.net.Socket.connect(Socket.java:686)
	at org.eclipse.angus.mail.util.SocketFetcher.createSocket(SocketFetcher.java:368)
	at org.eclipse.angus.mail.util.SocketFetcher.getSocket(SocketFetcher.java:243)
	at org.eclipse.angus.mail.smtp.SMTPTransport.openServer(SMTPTransport.java:2193)
	... 17 common frames omitted
2026-06-25 14:15:33,086 INFO o.s.b.t.GracefulShutdown [SpringApplicationShutdownHook] Commencing graceful shutdown. Waiting for active requests to complete
2026-06-25 14:15:33,120 INFO o.s.b.t.GracefulShutdown [tomcat-shutdown] Graceful shutdown complete
2026-06-25 14:15:33,161 INFO o.s.o.j.AbstractEntityManagerFactoryBean [SpringApplicationShutdownHook] Closing JPA EntityManagerFactory for persistence unit 'default'
2026-06-25 14:15:33,195 INFO c.z.h.HikariDataSource [SpringApplicationShutdownHook] HikariPool-1 - Shutdown initiated...
2026-06-25 14:15:33,214 INFO c.z.h.HikariDataSource [SpringApplicationShutdownHook] HikariPool-1 - Shutdown completed.
2026-06-25 14:15:45,273 INFO o.h.v.i.u.Version [background-preinit] HV000001: Hibernate Validator 9.1.0.Final
2026-06-25 14:15:45,401 INFO o.s.b.StartupInfoLogger [main] Starting LearncoreApplication using Java 21.0.6 with PID 14888 (C:\Users\USER\Desktop\PROJECTS\Tage Mage\LearnCore\learncore\target\classes started by USER in C:\Users\USER\Desktop\PROJECTS\Tage Mage\LearnCore\learncore)
2026-06-25 14:15:45,402 DEBUG o.s.b.StartupInfoLogger [main] Running with Spring Boot v4.1.0, Spring v7.0.8
2026-06-25 14:15:45,404 INFO o.s.b.SpringApplication [main] The following 1 profile is active: "dev"
2026-06-25 14:15:47,764 INFO o.s.d.r.c.RepositoryConfigurationDelegate [main] Bootstrapping Spring Data JPA repositories in DEFAULT mode.
2026-06-25 14:15:47,959 INFO o.s.d.r.c.RepositoryConfigurationDelegate [main] Finished Spring Data repository scanning in 179 ms. Found 9 JPA repository interfaces.
2026-06-25 14:15:49,611 INFO o.s.b.t.TomcatWebServer [main] Tomcat initialized with port 8088 (http)
2026-06-25 14:15:49,649 INFO o.a.j.l.DirectJDKLog [main] Initializing ProtocolHandler ["http-nio-8088"]
2026-06-25 14:15:49,655 INFO o.a.j.l.DirectJDKLog [main] Starting service [Tomcat]
2026-06-25 14:15:49,657 INFO o.a.j.l.DirectJDKLog [main] Starting Servlet engine: [Apache Tomcat/11.0.22]
2026-06-25 14:15:49,777 INFO o.s.b.w.c.s.WebApplicationContextInitializer [main] Root WebApplicationContext: initialization completed in 4239 ms
2026-06-25 14:15:50,279 INFO o.h.j.i.u.LogHelper [main] HHH008540: Processing PersistenceUnitInfo [name: default]
2026-06-25 14:15:50,406 INFO o.h.Version [main] HHH000001: Hibernate ORM core version 7.4.1.Final
2026-06-25 14:15:51,200 INFO o.s.o.j.p.SpringPersistenceUnitInfo [main] No LoadTimeWeaver setup: ignoring JPA class transformer
2026-06-25 14:15:51,277 INFO c.z.h.HikariDataSource [main] HikariPool-1 - Starting...
2026-06-25 14:15:52,021 INFO c.z.h.p.HikariPool [main] HikariPool-1 - Added connection com.mysql.cj.jdbc.ConnectionImpl@591ba330
2026-06-25 14:15:52,024 INFO c.z.h.HikariDataSource [main] HikariPool-1 - Start completed.
2026-06-25 14:15:52,134 WARN o.h.e.j.d.i.DialectFactoryImpl [main] HHH90000025: MySQLDialect does not need to be specified explicitly using 'hibernate.dialect' (remove the property setting and it will be selected by default)
2026-06-25 14:15:52,186 INFO o.h.e.j.e.i.JdbcEnvironmentInitiator [main] HHH10001005: Database info:
	Database JDBC URL [jdbc:mysql://localhost:3306/learncore]
	Database driver: MySQL Connector/J
	Database dialect: MySQLDialect
	Database version: 9.1
	Default catalog/schema: learncore/undefined
	Autocommit mode: undefined/unknown
	Isolation level: REPEATABLE_READ [default REPEATABLE_READ]
	JDBC fetch size: none
	Pool: DataSourceConnectionProvider
	Minimum pool size: undefined/unknown
	Maximum pool size: undefined/unknown
2026-06-25 14:15:55,460 INFO o.h.e.t.j.p.i.JtaPlatformInitiator [main] HHH000489: No JTA platform available (set 'hibernate.transaction.jta.platform' to enable JTA platform integration)
2026-06-25 14:15:55,645 INFO o.s.o.j.AbstractEntityManagerFactoryBean [main] Initialized JPA EntityManagerFactory for persistence unit 'default'
2026-06-25 14:15:55,799 INFO o.s.d.j.r.q.QueryEnhancerFactories [main] Hibernate is in classpath; If applicable, HQL parser will be used.
2026-06-25 14:15:57,614 DEBUG o.s.w.f.GenericFilterBean [main] Filter 'jwtFilter' configured for use
2026-06-25 14:15:57,920 INFO o.s.s.c.a.a.c.InitializeAuthenticationProviderBeanManagerConfigurer$InitializeAuthenticationProviderManagerConfigurer [main] Global AuthenticationManager configured with AuthenticationProvider bean with name authenticationProvider
2026-06-25 14:15:57,922 WARN o.s.s.c.a.a.c.InitializeUserDetailsBeanManagerConfigurer$InitializeUserDetailsManagerConfigurer [main] Global AuthenticationManager configured with an AuthenticationProvider bean. UserDetailsService beans will not be used by Spring Security for automatically configuring username/password login. Consider removing the AuthenticationProvider bean. Alternatively, consider using the UserDetailsService in a manually instantiated DaoAuthenticationProvider. If the current configuration is intentional, to turn off this warning, increase the logging level of 'org.springframework.security.config.annotation.authentication.configuration.InitializeUserDetailsBeanManagerConfigurer' to ERROR
2026-06-25 14:15:58,613 WARN o.s.b.j.a.JpaBaseConfiguration$JpaWebConfiguration [main] spring.jpa.open-in-view is enabled by default. Therefore, database queries may be performed during view rendering. Explicitly configure spring.jpa.open-in-view to disable this warning
2026-06-25 14:15:59,883 INFO o.a.j.l.DirectJDKLog [main] Starting ProtocolHandler ["http-nio-8088"]
2026-06-25 14:15:59,910 INFO o.s.b.t.TomcatWebServer [main] Tomcat started on port 8088 (http) with context path '/api/v1'
2026-06-25 14:15:59,924 INFO o.s.b.StartupInfoLogger [main] Started LearncoreApplication in 15.899 seconds (process running for 16.866)
2026-06-25 14:16:00,387 INFO c.d.l.c.DataSeeder [main] Assigned 18 permissions to role SUPER_ADMIN
2026-06-25 14:16:00,482 INFO c.d.l.c.DataSeeder [main] Assigned 8 permissions to role PLATFORM_MANAGER
2026-06-25 14:16:00,507 INFO c.d.l.c.DataSeeder [main] Assigned 8 permissions to role TENANT_ADMIN
2026-06-25 14:16:00,528 INFO c.d.l.c.DataSeeder [main] Data seeding complete. Tenant 'objectif600' uuid=tn_f04a09c972de49a989362c3e0972a6e4
2026-06-25 14:16:28,133 INFO o.a.j.l.DirectJDKLog [http-nio-8088-exec-3] Initializing Spring DispatcherServlet 'dispatcherServlet'
2026-06-25 14:16:28,133 INFO o.s.w.s.FrameworkServlet [http-nio-8088-exec-3] Initializing Servlet 'dispatcherServlet'
2026-06-25 14:16:28,141 INFO o.s.w.s.FrameworkServlet [http-nio-8088-exec-3] Completed initialization in 6 ms
2026-06-25 14:16:58,254 ERROR o.s.a.i.SimpleAsyncUncaughtExceptionHandler [task-1] Unexpected exception occurred invoking async method: public void com.dodibo.learncore.email.EmailService.sendEmail(java.lang.String,java.lang.String,com.dodibo.learncore.email.EmailTemplateName,java.lang.String,java.lang.String,java.lang.String) throws jakarta.mail.MessagingException
org.springframework.mail.MailSendException: Mail server connection failed. Failed messages: org.eclipse.angus.mail.util.MailConnectException: Couldn't connect to host, port: localhost, 1025; timeout -1;
  nested exception is:
	java.net.ConnectException: Connection refused: connect; message exceptions (1) are:
Failed message 1: org.eclipse.angus.mail.util.MailConnectException: Couldn't connect to host, port: localhost, 1025; timeout -1;
  nested exception is:
	java.net.ConnectException: Connection refused: connect
	at org.springframework.mail.javamail.JavaMailSenderImpl.doSend(JavaMailSenderImpl.java:397)
	at org.springframework.mail.javamail.JavaMailSenderImpl.send(JavaMailSenderImpl.java:337)
	at org.springframework.mail.javamail.JavaMailSender.send(JavaMailSender.java:101)
	at com.dodibo.learncore.email.EmailService.sendEmail(EmailService.java:60)
	at java.base/jdk.internal.reflect.DirectMethodHandleAccessor.invoke(DirectMethodHandleAccessor.java:103)
	at java.base/java.lang.reflect.Method.invoke(Method.java:580)
	at org.springframework.aop.support.AopUtils.invokeJoinpointUsingReflection(AopUtils.java:359)
	at org.springframework.aop.framework.ReflectiveMethodInvocation.invokeJoinpoint(ReflectiveMethodInvocation.java:190)
	at org.springframework.aop.framework.ReflectiveMethodInvocation.proceed(ReflectiveMethodInvocation.java:158)
	at org.springframework.aop.interceptor.AsyncExecutionInterceptor.lambda$invoke$0(AsyncExecutionInterceptor.java:112)
	at java.base/java.util.concurrent.FutureTask.run(FutureTask.java:317)
	at java.base/java.util.concurrent.ThreadPoolExecutor.runWorker(ThreadPoolExecutor.java:1144)
	at java.base/java.util.concurrent.ThreadPoolExecutor$Worker.run(ThreadPoolExecutor.java:642)
	at java.base/java.lang.Thread.run(Thread.java:1583)
Caused by: org.eclipse.angus.mail.util.MailConnectException: Couldn't connect to host, port: localhost, 1025; timeout -1;
  nested exception is:
	java.net.ConnectException: Connection refused: connect
	at org.eclipse.angus.mail.smtp.SMTPTransport.openServer(SMTPTransport.java:2243)
	at org.eclipse.angus.mail.smtp.SMTPTransport.protocolConnect(SMTPTransport.java:729)
	at jakarta.mail.Service.connect(Service.java:345)
	at org.springframework.mail.javamail.JavaMailSenderImpl.connectTransport(JavaMailSenderImpl.java:467)
	at org.springframework.mail.javamail.JavaMailSenderImpl.doSend(JavaMailSenderImpl.java:386)
	... 13 common frames omitted
Caused by: java.net.ConnectException: Connection refused: connect
	at java.base/sun.nio.ch.Net.connect0(Native Method)
	at java.base/sun.nio.ch.Net.connect(Net.java:589)
	at java.base/sun.nio.ch.Net.connect(Net.java:578)
	at java.base/sun.nio.ch.NioSocketImpl.connect(NioSocketImpl.java:583)
	at java.base/java.net.SocksSocketImpl.connect(SocksSocketImpl.java:327)
	at java.base/java.net.Socket.connect(Socket.java:751)
	at java.base/java.net.Socket.connect(Socket.java:686)
	at org.eclipse.angus.mail.util.SocketFetcher.createSocket(SocketFetcher.java:368)
	at org.eclipse.angus.mail.util.SocketFetcher.getSocket(SocketFetcher.java:243)
	at org.eclipse.angus.mail.smtp.SMTPTransport.openServer(SMTPTransport.java:2193)
	... 17 common frames omitted
2026-06-25 14:36:13,627 INFO o.s.b.t.GracefulShutdown [SpringApplicationShutdownHook] Commencing graceful shutdown. Waiting for active requests to complete
2026-06-25 14:36:13,654 INFO o.s.b.t.GracefulShutdown [tomcat-shutdown] Graceful shutdown complete
2026-06-25 14:36:13,672 INFO o.s.o.j.AbstractEntityManagerFactoryBean [SpringApplicationShutdownHook] Closing JPA EntityManagerFactory for persistence unit 'default'
2026-06-25 14:36:13,684 INFO c.z.h.HikariDataSource [SpringApplicationShutdownHook] HikariPool-1 - Shutdown initiated...
2026-06-25 14:36:13,698 INFO c.z.h.HikariDataSource [SpringApplicationShutdownHook] HikariPool-1 - Shutdown completed.
2026-06-25 14:36:16,230 INFO o.h.v.i.u.Version [background-preinit] HV000001: Hibernate Validator 9.1.0.Final
2026-06-25 14:36:16,298 INFO o.s.b.StartupInfoLogger [main] Starting LearncoreApplication using Java 21.0.6 with PID 2384 (C:\Users\USER\Desktop\PROJECTS\Tage Mage\LearnCore\learncore\target\classes started by USER in C:\Users\USER\Desktop\PROJECTS\Tage Mage\LearnCore\learncore)
2026-06-25 14:36:16,299 DEBUG o.s.b.StartupInfoLogger [main] Running with Spring Boot v4.1.0, Spring v7.0.8
2026-06-25 14:36:16,299 INFO o.s.b.SpringApplication [main] The following 1 profile is active: "dev"
2026-06-25 14:36:17,628 INFO o.s.d.r.c.RepositoryConfigurationDelegate [main] Bootstrapping Spring Data JPA repositories in DEFAULT mode.
2026-06-25 14:36:17,743 INFO o.s.d.r.c.RepositoryConfigurationDelegate [main] Finished Spring Data repository scanning in 105 ms. Found 9 JPA repository interfaces.
2026-06-25 14:36:18,679 INFO o.s.b.t.TomcatWebServer [main] Tomcat initialized with port 8088 (http)
2026-06-25 14:36:18,694 INFO o.a.j.l.DirectJDKLog [main] Initializing ProtocolHandler ["http-nio-8088"]
2026-06-25 14:36:18,694 INFO o.a.j.l.DirectJDKLog [main] Starting service [Tomcat]
2026-06-25 14:36:18,698 INFO o.a.j.l.DirectJDKLog [main] Starting Servlet engine: [Apache Tomcat/11.0.22]
2026-06-25 14:36:18,774 INFO o.s.b.w.c.s.WebApplicationContextInitializer [main] Root WebApplicationContext: initialization completed in 2392 ms
2026-06-25 14:36:19,019 INFO o.h.j.i.u.LogHelper [main] HHH008540: Processing PersistenceUnitInfo [name: default]
2026-06-25 14:36:19,100 INFO o.h.Version [main] HHH000001: Hibernate ORM core version 7.4.1.Final
2026-06-25 14:36:19,599 INFO o.s.o.j.p.SpringPersistenceUnitInfo [main] No LoadTimeWeaver setup: ignoring JPA class transformer
2026-06-25 14:36:19,631 INFO c.z.h.HikariDataSource [main] HikariPool-1 - Starting...
2026-06-25 14:36:20,080 INFO c.z.h.p.HikariPool [main] HikariPool-1 - Added connection com.mysql.cj.jdbc.ConnectionImpl@4e9695cf
2026-06-25 14:36:20,080 INFO c.z.h.HikariDataSource [main] HikariPool-1 - Start completed.
2026-06-25 14:36:20,141 WARN o.h.e.j.d.i.DialectFactoryImpl [main] HHH90000025: MySQLDialect does not need to be specified explicitly using 'hibernate.dialect' (remove the property setting and it will be selected by default)
2026-06-25 14:36:20,161 INFO o.h.e.j.e.i.JdbcEnvironmentInitiator [main] HHH10001005: Database info:
	Database JDBC URL [jdbc:mysql://localhost:3306/learncore]
	Database driver: MySQL Connector/J
	Database dialect: MySQLDialect
	Database version: 9.1
	Default catalog/schema: learncore/undefined
	Autocommit mode: undefined/unknown
	Isolation level: REPEATABLE_READ [default REPEATABLE_READ]
	JDBC fetch size: none
	Pool: DataSourceConnectionProvider
	Minimum pool size: undefined/unknown
	Maximum pool size: undefined/unknown
2026-06-25 14:36:21,672 INFO o.h.e.t.j.p.i.JtaPlatformInitiator [main] HHH000489: No JTA platform available (set 'hibernate.transaction.jta.platform' to enable JTA platform integration)
2026-06-25 14:36:21,811 INFO o.s.o.j.AbstractEntityManagerFactoryBean [main] Initialized JPA EntityManagerFactory for persistence unit 'default'
2026-06-25 14:36:21,900 INFO o.s.d.j.r.q.QueryEnhancerFactories [main] Hibernate is in classpath; If applicable, HQL parser will be used.
2026-06-25 14:36:22,918 DEBUG o.s.w.f.GenericFilterBean [main] Filter 'jwtFilter' configured for use
2026-06-25 14:36:23,113 INFO o.s.s.c.a.a.c.InitializeAuthenticationProviderBeanManagerConfigurer$InitializeAuthenticationProviderManagerConfigurer [main] Global AuthenticationManager configured with AuthenticationProvider bean with name authenticationProvider
2026-06-25 14:36:23,113 WARN o.s.s.c.a.a.c.InitializeUserDetailsBeanManagerConfigurer$InitializeUserDetailsManagerConfigurer [main] Global AuthenticationManager configured with an AuthenticationProvider bean. UserDetailsService beans will not be used by Spring Security for automatically configuring username/password login. Consider removing the AuthenticationProvider bean. Alternatively, consider using the UserDetailsService in a manually instantiated DaoAuthenticationProvider. If the current configuration is intentional, to turn off this warning, increase the logging level of 'org.springframework.security.config.annotation.authentication.configuration.InitializeUserDetailsBeanManagerConfigurer' to ERROR
2026-06-25 14:36:23,577 WARN o.s.b.j.a.JpaBaseConfiguration$JpaWebConfiguration [main] spring.jpa.open-in-view is enabled by default. Therefore, database queries may be performed during view rendering. Explicitly configure spring.jpa.open-in-view to disable this warning
2026-06-25 14:36:24,410 INFO o.a.j.l.DirectJDKLog [main] Starting ProtocolHandler ["http-nio-8088"]
2026-06-25 14:36:24,433 INFO o.s.b.t.TomcatWebServer [main] Tomcat started on port 8088 (http) with context path '/api/v1'
2026-06-25 14:36:24,440 INFO o.s.b.StartupInfoLogger [main] Started LearncoreApplication in 8.926 seconds (process running for 9.535)
2026-06-25 14:36:24,697 INFO c.d.l.c.DataSeeder [main] Assigned 18 permissions to role SUPER_ADMIN
2026-06-25 14:36:24,764 INFO c.d.l.c.DataSeeder [main] Assigned 8 permissions to role PLATFORM_MANAGER
2026-06-25 14:36:24,777 INFO c.d.l.c.DataSeeder [main] Assigned 8 permissions to role TENANT_ADMIN
2026-06-25 14:36:24,797 INFO c.d.l.c.DataSeeder [main] Data seeding complete. Tenant 'objectif600' uuid=tn_f04a09c972de49a989362c3e0972a6e4
2026-06-25 14:36:43,860 INFO o.a.j.l.DirectJDKLog [http-nio-8088-exec-2] Initializing Spring DispatcherServlet 'dispatcherServlet'
2026-06-25 14:36:43,860 INFO o.s.w.s.FrameworkServlet [http-nio-8088-exec-2] Initializing Servlet 'dispatcherServlet'
2026-06-25 14:36:43,860 INFO o.s.w.s.FrameworkServlet [http-nio-8088-exec-2] Completed initialization in 0 ms
2026-06-25 14:42:41,435 INFO o.s.b.t.GracefulShutdown [SpringApplicationShutdownHook] Commencing graceful shutdown. Waiting for active requests to complete
2026-06-25 14:42:41,679 INFO o.s.b.t.GracefulShutdown [tomcat-shutdown] Graceful shutdown complete
2026-06-25 14:42:41,733 INFO o.s.o.j.AbstractEntityManagerFactoryBean [SpringApplicationShutdownHook] Closing JPA EntityManagerFactory for persistence unit 'default'
2026-06-25 14:42:41,763 INFO c.z.h.HikariDataSource [SpringApplicationShutdownHook] HikariPool-1 - Shutdown initiated...
2026-06-25 14:42:41,801 INFO c.z.h.HikariDataSource [SpringApplicationShutdownHook] HikariPool-1 - Shutdown completed.
2026-06-25 14:43:00,125 INFO o.h.v.i.u.Version [background-preinit] HV000001: Hibernate Validator 9.1.0.Final
2026-06-25 14:43:00,233 INFO o.s.b.StartupInfoLogger [main] Starting LearncoreApplication using Java 21.0.6 with PID 21200 (C:\Users\USER\Desktop\PROJECTS\Tage Mage\LearnCore\learncore\target\classes started by USER in C:\Users\USER\Desktop\PROJECTS\Tage Mage\LearnCore\learncore)
2026-06-25 14:43:00,235 DEBUG o.s.b.StartupInfoLogger [main] Running with Spring Boot v4.1.0, Spring v7.0.8
2026-06-25 14:43:00,239 INFO o.s.b.SpringApplication [main] The following 1 profile is active: "dev"
2026-06-25 14:43:02,199 INFO o.s.d.r.c.RepositoryConfigurationDelegate [main] Bootstrapping Spring Data JPA repositories in DEFAULT mode.
2026-06-25 14:43:02,376 INFO o.s.d.r.c.RepositoryConfigurationDelegate [main] Finished Spring Data repository scanning in 159 ms. Found 9 JPA repository interfaces.
2026-06-25 14:43:04,082 INFO o.s.b.t.TomcatWebServer [main] Tomcat initialized with port 8088 (http)
2026-06-25 14:43:04,115 INFO o.a.j.l.DirectJDKLog [main] Initializing ProtocolHandler ["http-nio-8088"]
2026-06-25 14:43:04,120 INFO o.a.j.l.DirectJDKLog [main] Starting service [Tomcat]
2026-06-25 14:43:04,121 INFO o.a.j.l.DirectJDKLog [main] Starting Servlet engine: [Apache Tomcat/11.0.22]
2026-06-25 14:43:04,265 INFO o.s.b.w.c.s.WebApplicationContextInitializer [main] Root WebApplicationContext: initialization completed in 3914 ms
2026-06-25 14:43:04,674 INFO o.h.j.i.u.LogHelper [main] HHH008540: Processing PersistenceUnitInfo [name: default]
2026-06-25 14:43:04,805 INFO o.h.Version [main] HHH000001: Hibernate ORM core version 7.4.1.Final
2026-06-25 14:43:05,718 INFO o.s.o.j.p.SpringPersistenceUnitInfo [main] No LoadTimeWeaver setup: ignoring JPA class transformer
2026-06-25 14:43:05,774 INFO c.z.h.HikariDataSource [main] HikariPool-1 - Starting...
2026-06-25 14:43:06,482 INFO c.z.h.p.HikariPool [main] HikariPool-1 - Added connection com.mysql.cj.jdbc.ConnectionImpl@6d4c7248
2026-06-25 14:43:06,486 INFO c.z.h.HikariDataSource [main] HikariPool-1 - Start completed.
2026-06-25 14:43:06,597 WARN o.h.e.j.d.i.DialectFactoryImpl [main] HHH90000025: MySQLDialect does not need to be specified explicitly using 'hibernate.dialect' (remove the property setting and it will be selected by default)
2026-06-25 14:43:06,642 INFO o.h.e.j.e.i.JdbcEnvironmentInitiator [main] HHH10001005: Database info:
	Database JDBC URL [jdbc:mysql://localhost:3306/learncore]
	Database driver: MySQL Connector/J
	Database dialect: MySQLDialect
	Database version: 9.1
	Default catalog/schema: learncore/undefined
	Autocommit mode: undefined/unknown
	Isolation level: REPEATABLE_READ [default REPEATABLE_READ]
	JDBC fetch size: none
	Pool: DataSourceConnectionProvider
	Minimum pool size: undefined/unknown
	Maximum pool size: undefined/unknown
2026-06-25 14:43:09,232 INFO o.h.e.t.j.p.i.JtaPlatformInitiator [main] HHH000489: No JTA platform available (set 'hibernate.transaction.jta.platform' to enable JTA platform integration)
2026-06-25 14:43:09,414 INFO o.s.o.j.AbstractEntityManagerFactoryBean [main] Initialized JPA EntityManagerFactory for persistence unit 'default'
2026-06-25 14:43:09,557 INFO o.s.d.j.r.q.QueryEnhancerFactories [main] Hibernate is in classpath; If applicable, HQL parser will be used.
2026-06-25 14:43:11,360 DEBUG o.s.w.f.GenericFilterBean [main] Filter 'jwtFilter' configured for use
2026-06-25 14:43:11,753 INFO o.s.s.c.a.a.c.InitializeAuthenticationProviderBeanManagerConfigurer$InitializeAuthenticationProviderManagerConfigurer [main] Global AuthenticationManager configured with AuthenticationProvider bean with name authenticationProvider
2026-06-25 14:43:11,755 WARN o.s.s.c.a.a.c.InitializeUserDetailsBeanManagerConfigurer$InitializeUserDetailsManagerConfigurer [main] Global AuthenticationManager configured with an AuthenticationProvider bean. UserDetailsService beans will not be used by Spring Security for automatically configuring username/password login. Consider removing the AuthenticationProvider bean. Alternatively, consider using the UserDetailsService in a manually instantiated DaoAuthenticationProvider. If the current configuration is intentional, to turn off this warning, increase the logging level of 'org.springframework.security.config.annotation.authentication.configuration.InitializeUserDetailsBeanManagerConfigurer' to ERROR
2026-06-25 14:43:12,715 WARN o.s.b.j.a.JpaBaseConfiguration$JpaWebConfiguration [main] spring.jpa.open-in-view is enabled by default. Therefore, database queries may be performed during view rendering. Explicitly configure spring.jpa.open-in-view to disable this warning
2026-06-25 14:43:14,211 INFO o.a.j.l.DirectJDKLog [main] Starting ProtocolHandler ["http-nio-8088"]
2026-06-25 14:43:14,247 INFO o.s.b.t.TomcatWebServer [main] Tomcat started on port 8088 (http) with context path '/api/v1'
2026-06-25 14:43:14,260 INFO o.s.b.StartupInfoLogger [main] Started LearncoreApplication in 15.24 seconds (process running for 16.188)
2026-06-25 14:43:14,689 INFO c.d.l.c.DataSeeder [main] Assigned 18 permissions to role SUPER_ADMIN
2026-06-25 14:43:14,783 INFO c.d.l.c.DataSeeder [main] Assigned 8 permissions to role PLATFORM_MANAGER
2026-06-25 14:43:14,808 INFO c.d.l.c.DataSeeder [main] Assigned 8 permissions to role TENANT_ADMIN
2026-06-25 14:43:14,830 INFO c.d.l.c.DataSeeder [main] Data seeding complete. Tenant 'objectif600' uuid=tn_f04a09c972de49a989362c3e0972a6e4
2026-06-25 14:43:26,949 INFO o.a.j.l.DirectJDKLog [http-nio-8088-exec-1] Initializing Spring DispatcherServlet 'dispatcherServlet'
2026-06-25 14:43:26,949 INFO o.s.w.s.FrameworkServlet [http-nio-8088-exec-1] Initializing Servlet 'dispatcherServlet'
2026-06-25 14:43:26,954 INFO o.s.w.s.FrameworkServlet [http-nio-8088-exec-1] Completed initialization in 5 ms
2026-06-25 15:20:32,447 INFO o.s.b.t.GracefulShutdown [SpringApplicationShutdownHook] Commencing graceful shutdown. Waiting for active requests to complete
2026-06-25 15:20:32,475 INFO o.s.b.t.GracefulShutdown [tomcat-shutdown] Graceful shutdown complete
2026-06-25 15:20:32,490 INFO o.s.o.j.AbstractEntityManagerFactoryBean [SpringApplicationShutdownHook] Closing JPA EntityManagerFactory for persistence unit 'default'
2026-06-25 15:20:32,505 INFO c.z.h.HikariDataSource [SpringApplicationShutdownHook] HikariPool-1 - Shutdown initiated...
2026-06-25 15:20:32,510 INFO c.z.h.HikariDataSource [SpringApplicationShutdownHook] HikariPool-1 - Shutdown completed.
