2026-07-07 08:51:17,268 WARN c.z.h.p.HikariPool$HouseKeeper [HikariPool-1:housekeeper] HikariPool-1 - Thread starvation or clock leap detected (housekeeper delta=1h16m40s221ms515µs800ns).
2026-07-07 09:42:31,965 INFO o.s.b.t.GracefulShutdown [SpringApplicationShutdownHook] Commencing graceful shutdown. Waiting for active requests to complete
2026-07-07 09:42:32,020 INFO o.s.b.t.GracefulShutdown [tomcat-shutdown] Graceful shutdown complete
2026-07-07 09:42:32,079 INFO o.s.o.j.AbstractEntityManagerFactoryBean [SpringApplicationShutdownHook] Closing JPA EntityManagerFactory for persistence unit 'default'
2026-07-07 09:42:32,144 INFO c.z.h.HikariDataSource [SpringApplicationShutdownHook] HikariPool-1 - Shutdown initiated...
2026-07-07 09:42:32,162 INFO c.z.h.HikariDataSource [SpringApplicationShutdownHook] HikariPool-1 - Shutdown completed.
2026-07-07 09:42:38,251 INFO o.h.v.i.u.Version [background-preinit] HV000001: Hibernate Validator 9.1.0.Final
2026-07-07 09:42:38,311 INFO o.s.b.StartupInfoLogger [main] Starting LearncoreApplication using Java 21.0.6 with PID 17020 (C:\Users\USER\Desktop\PROJECTS\Tage Mage\LearnCore\learncore\target\classes started by USER in C:\Users\USER\Desktop\PROJECTS\Tage Mage\LearnCore\learncore)
2026-07-07 09:42:38,311 DEBUG o.s.b.StartupInfoLogger [main] Running with Spring Boot v4.1.0, Spring v7.0.8
2026-07-07 09:42:38,312 INFO o.s.b.SpringApplication [main] The following 1 profile is active: "dev"
2026-07-07 09:42:39,749 INFO o.s.d.r.c.RepositoryConfigurationDelegate [main] Bootstrapping Spring Data JPA repositories in DEFAULT mode.
2026-07-07 09:42:39,928 INFO o.s.d.r.c.RepositoryConfigurationDelegate [main] Finished Spring Data repository scanning in 164 ms. Found 9 JPA repository interfaces.
2026-07-07 09:42:40,949 INFO o.s.b.t.TomcatWebServer [main] Tomcat initialized with port 8088 (http)
2026-07-07 09:42:40,961 INFO o.a.j.l.DirectJDKLog [main] Initializing ProtocolHandler ["http-nio-8088"]
2026-07-07 09:42:40,966 INFO o.a.j.l.DirectJDKLog [main] Starting service [Tomcat]
2026-07-07 09:42:40,966 INFO o.a.j.l.DirectJDKLog [main] Starting Servlet engine: [Apache Tomcat/11.0.22]
2026-07-07 09:42:41,040 INFO o.s.b.w.c.s.WebApplicationContextInitializer [main] Root WebApplicationContext: initialization completed in 2643 ms
2026-07-07 09:42:41,320 INFO o.h.j.i.u.LogHelper [main] HHH008540: Processing PersistenceUnitInfo [name: default]
2026-07-07 09:42:41,405 INFO o.h.Version [main] HHH000001: Hibernate ORM core version 7.4.1.Final
2026-07-07 09:42:41,906 INFO o.s.o.j.p.SpringPersistenceUnitInfo [main] No LoadTimeWeaver setup: ignoring JPA class transformer
2026-07-07 09:42:41,944 INFO c.z.h.HikariDataSource [main] HikariPool-1 - Starting...
2026-07-07 09:42:42,376 INFO c.z.h.p.HikariPool [main] HikariPool-1 - Added connection com.mysql.cj.jdbc.ConnectionImpl@7b0dfa91
2026-07-07 09:42:42,380 INFO c.z.h.HikariDataSource [main] HikariPool-1 - Start completed.
2026-07-07 09:42:42,456 WARN o.h.e.j.d.i.DialectFactoryImpl [main] HHH90000025: MySQLDialect does not need to be specified explicitly using 'hibernate.dialect' (remove the property setting and it will be selected by default)
2026-07-07 09:42:42,478 INFO o.h.e.j.e.i.JdbcEnvironmentInitiator [main] HHH10001005: Database info:
	Database JDBC URL [jdbc:mysql://localhost:3306/learncore]
	Database driver: MySQL Connector/J
	Database dialect: MySQLDialect
	Database version: 9.1
	Default catalog/schema: learncore/undefined
	Autocommit mode: undefined/unknown
	Isolation level: REPEATABLE_READ [default REPEATABLE_READ]
	JDBC fetch size: none
	Pool: DataSourceConnectionProvider
	Minimum pool size: undefined/unknown
	Maximum pool size: undefined/unknown
2026-07-07 09:42:44,326 INFO o.h.e.t.j.p.i.JtaPlatformInitiator [main] HHH000489: No JTA platform available (set 'hibernate.transaction.jta.platform' to enable JTA platform integration)
2026-07-07 09:42:44,584 INFO o.s.o.j.AbstractEntityManagerFactoryBean [main] Initialized JPA EntityManagerFactory for persistence unit 'default'
2026-07-07 09:42:44,733 INFO o.s.d.j.r.q.QueryEnhancerFactories [main] Hibernate is in classpath; If applicable, HQL parser will be used.
2026-07-07 09:42:46,146 DEBUG o.s.w.f.GenericFilterBean [main] Filter 'spaWebFilter' configured for use
2026-07-07 09:42:46,150 DEBUG o.s.w.f.GenericFilterBean [main] Filter 'jwtFilter' configured for use
2026-07-07 09:42:46,360 INFO o.s.s.c.a.a.c.InitializeAuthenticationProviderBeanManagerConfigurer$InitializeAuthenticationProviderManagerConfigurer [main] Global AuthenticationManager configured with AuthenticationProvider bean with name authenticationProvider
2026-07-07 09:42:46,360 WARN o.s.s.c.a.a.c.InitializeUserDetailsBeanManagerConfigurer$InitializeUserDetailsManagerConfigurer [main] Global AuthenticationManager configured with an AuthenticationProvider bean. UserDetailsService beans will not be used by Spring Security for automatically configuring username/password login. Consider removing the AuthenticationProvider bean. Alternatively, consider using the UserDetailsService in a manually instantiated DaoAuthenticationProvider. If the current configuration is intentional, to turn off this warning, increase the logging level of 'org.springframework.security.config.annotation.authentication.configuration.InitializeUserDetailsBeanManagerConfigurer' to ERROR
2026-07-07 09:42:46,817 WARN o.s.b.j.a.JpaBaseConfiguration$JpaWebConfiguration [main] spring.jpa.open-in-view is enabled by default. Therefore, database queries may be performed during view rendering. Explicitly configure spring.jpa.open-in-view to disable this warning
2026-07-07 09:42:47,278 INFO o.s.b.w.a.WelcomePageHandlerMapping [main] Adding welcome page: class path resource [static/index.html]
2026-07-07 09:42:48,027 INFO o.a.j.l.DirectJDKLog [main] Starting ProtocolHandler ["http-nio-8088"]
2026-07-07 09:42:48,057 INFO o.s.b.t.TomcatWebServer [main] Tomcat started on port 8088 (http) with context path '/'
2026-07-07 09:42:48,068 INFO o.s.b.StartupInfoLogger [main] Started LearncoreApplication in 10.551 seconds (process running for 11.111)
2026-07-07 09:42:48,424 INFO c.d.l.c.DataSeeder [main] Assigned 22 permissions to role SUPER_ADMIN
2026-07-07 09:42:48,509 INFO c.d.l.c.DataSeeder [main] Assigned 9 permissions to role PLATFORM_MANAGER
2026-07-07 09:42:48,529 INFO c.d.l.c.DataSeeder [main] Assigned 10 permissions to role TENANT_ADMIN
2026-07-07 09:42:48,563 INFO c.d.l.c.DataSeeder [main] Data seeding complete. Tenant 'objectif600' uuid=tn_f04a09c972de49a989362c3e0972a6e4
2026-07-07 09:42:55,628 INFO o.a.j.l.DirectJDKLog [http-nio-8088-exec-1] A cookie header was received [product_view[is_grid]=2;] that contained an invalid cookie. That cookie will be ignored.
 Note: further occurrences of this error will be logged at DEBUG level.
2026-07-07 09:42:55,637 INFO o.a.j.l.DirectJDKLog [http-nio-8088-exec-1] Initializing Spring DispatcherServlet 'dispatcherServlet'
2026-07-07 09:42:55,637 INFO o.s.w.s.FrameworkServlet [http-nio-8088-exec-1] Initializing Servlet 'dispatcherServlet'
2026-07-07 09:42:55,640 INFO o.s.w.s.FrameworkServlet [http-nio-8088-exec-1] Completed initialization in 3 ms
2026-07-07 09:42:57,067 INFO o.s.a.AbstractOpenApiResource [http-nio-8088-exec-1] Init duration for springdoc-openapi is: 1352 ms
2026-07-07 09:44:32,677 INFO o.s.b.t.GracefulShutdown [SpringApplicationShutdownHook] Commencing graceful shutdown. Waiting for active requests to complete
2026-07-07 09:44:32,692 INFO o.s.b.t.GracefulShutdown [tomcat-shutdown] Graceful shutdown complete
2026-07-07 09:44:32,702 INFO o.s.o.j.AbstractEntityManagerFactoryBean [SpringApplicationShutdownHook] Closing JPA EntityManagerFactory for persistence unit 'default'
2026-07-07 09:44:32,709 INFO c.z.h.HikariDataSource [SpringApplicationShutdownHook] HikariPool-1 - Shutdown initiated...
2026-07-07 09:44:32,720 INFO c.z.h.HikariDataSource [SpringApplicationShutdownHook] HikariPool-1 - Shutdown completed.
2026-07-07 09:44:38,065 INFO o.h.v.i.u.Version [background-preinit] HV000001: Hibernate Validator 9.1.0.Final
2026-07-07 09:44:38,116 INFO o.s.b.StartupInfoLogger [main] Starting LearncoreApplication using Java 21.0.6 with PID 22744 (C:\Users\USER\Desktop\PROJECTS\Tage Mage\LearnCore\learncore\target\classes started by USER in C:\Users\USER\Desktop\PROJECTS\Tage Mage\LearnCore\learncore)
2026-07-07 09:44:38,118 DEBUG o.s.b.StartupInfoLogger [main] Running with Spring Boot v4.1.0, Spring v7.0.8
2026-07-07 09:44:38,118 INFO o.s.b.SpringApplication [main] The following 1 profile is active: "dev"
2026-07-07 09:44:39,424 INFO o.s.d.r.c.RepositoryConfigurationDelegate [main] Bootstrapping Spring Data JPA repositories in DEFAULT mode.
2026-07-07 09:44:39,556 INFO o.s.d.r.c.RepositoryConfigurationDelegate [main] Finished Spring Data repository scanning in 123 ms. Found 9 JPA repository interfaces.
2026-07-07 09:44:40,627 INFO o.s.b.t.TomcatWebServer [main] Tomcat initialized with port 8088 (http)
2026-07-07 09:44:40,645 INFO o.a.j.l.DirectJDKLog [main] Initializing ProtocolHandler ["http-nio-8088"]
2026-07-07 09:44:40,649 INFO o.a.j.l.DirectJDKLog [main] Starting service [Tomcat]
2026-07-07 09:44:40,652 INFO o.a.j.l.DirectJDKLog [main] Starting Servlet engine: [Apache Tomcat/11.0.22]
2026-07-07 09:44:40,732 INFO o.s.b.w.c.s.WebApplicationContextInitializer [main] Root WebApplicationContext: initialization completed in 2538 ms
2026-07-07 09:44:41,003 INFO o.h.j.i.u.LogHelper [main] HHH008540: Processing PersistenceUnitInfo [name: default]
2026-07-07 09:44:41,087 INFO o.h.Version [main] HHH000001: Hibernate ORM core version 7.4.1.Final
2026-07-07 09:44:41,909 INFO o.s.o.j.p.SpringPersistenceUnitInfo [main] No LoadTimeWeaver setup: ignoring JPA class transformer
2026-07-07 09:44:41,955 INFO c.z.h.HikariDataSource [main] HikariPool-1 - Starting...
2026-07-07 09:44:42,476 INFO c.z.h.p.HikariPool [main] HikariPool-1 - Added connection com.mysql.cj.jdbc.ConnectionImpl@50628080
2026-07-07 09:44:42,479 INFO c.z.h.HikariDataSource [main] HikariPool-1 - Start completed.
2026-07-07 09:44:42,556 WARN o.h.e.j.d.i.DialectFactoryImpl [main] HHH90000025: MySQLDialect does not need to be specified explicitly using 'hibernate.dialect' (remove the property setting and it will be selected by default)
2026-07-07 09:44:42,590 INFO o.h.e.j.e.i.JdbcEnvironmentInitiator [main] HHH10001005: Database info:
	Database JDBC URL [jdbc:mysql://localhost:3306/learncore]
	Database driver: MySQL Connector/J
	Database dialect: MySQLDialect
	Database version: 9.1
	Default catalog/schema: learncore/undefined
	Autocommit mode: undefined/unknown
	Isolation level: REPEATABLE_READ [default REPEATABLE_READ]
	JDBC fetch size: none
	Pool: DataSourceConnectionProvider
	Minimum pool size: undefined/unknown
	Maximum pool size: undefined/unknown
2026-07-07 09:44:44,520 INFO o.h.e.t.j.p.i.JtaPlatformInitiator [main] HHH000489: No JTA platform available (set 'hibernate.transaction.jta.platform' to enable JTA platform integration)
2026-07-07 09:44:44,648 INFO o.s.o.j.AbstractEntityManagerFactoryBean [main] Initialized JPA EntityManagerFactory for persistence unit 'default'
2026-07-07 09:44:44,774 INFO o.s.d.j.r.q.QueryEnhancerFactories [main] Hibernate is in classpath; If applicable, HQL parser will be used.
2026-07-07 09:44:46,704 DEBUG o.s.w.f.GenericFilterBean [main] Filter 'spaWebFilter' configured for use
2026-07-07 09:44:46,708 DEBUG o.s.w.f.GenericFilterBean [main] Filter 'jwtFilter' configured for use
2026-07-07 09:44:47,186 INFO o.s.s.c.a.a.c.InitializeAuthenticationProviderBeanManagerConfigurer$InitializeAuthenticationProviderManagerConfigurer [main] Global AuthenticationManager configured with AuthenticationProvider bean with name authenticationProvider
2026-07-07 09:44:47,187 WARN o.s.s.c.a.a.c.InitializeUserDetailsBeanManagerConfigurer$InitializeUserDetailsManagerConfigurer [main] Global AuthenticationManager configured with an AuthenticationProvider bean. UserDetailsService beans will not be used by Spring Security for automatically configuring username/password login. Consider removing the AuthenticationProvider bean. Alternatively, consider using the UserDetailsService in a manually instantiated DaoAuthenticationProvider. If the current configuration is intentional, to turn off this warning, increase the logging level of 'org.springframework.security.config.annotation.authentication.configuration.InitializeUserDetailsBeanManagerConfigurer' to ERROR
2026-07-07 09:44:47,972 WARN o.s.b.j.a.JpaBaseConfiguration$JpaWebConfiguration [main] spring.jpa.open-in-view is enabled by default. Therefore, database queries may be performed during view rendering. Explicitly configure spring.jpa.open-in-view to disable this warning
2026-07-07 09:44:48,775 INFO o.s.b.w.a.WelcomePageHandlerMapping [main] Adding welcome page: class path resource [static/index.html]
2026-07-07 09:44:49,643 INFO o.a.j.l.DirectJDKLog [main] Starting ProtocolHandler ["http-nio-8088"]
2026-07-07 09:44:49,674 INFO o.s.b.t.TomcatWebServer [main] Tomcat started on port 8088 (http) with context path '/'
2026-07-07 09:44:49,686 INFO o.s.b.StartupInfoLogger [main] Started LearncoreApplication in 12.342 seconds (process running for 12.911)
2026-07-07 09:44:50,077 INFO c.d.l.c.DataSeeder [main] Assigned 22 permissions to role SUPER_ADMIN
2026-07-07 09:44:50,200 INFO c.d.l.c.DataSeeder [main] Assigned 9 permissions to role PLATFORM_MANAGER
2026-07-07 09:44:50,227 INFO c.d.l.c.DataSeeder [main] Assigned 10 permissions to role TENANT_ADMIN
2026-07-07 09:44:50,272 INFO c.d.l.c.DataSeeder [main] Data seeding complete. Tenant 'objectif600' uuid=tn_f04a09c972de49a989362c3e0972a6e4
2026-07-07 09:44:57,745 INFO o.a.j.l.DirectJDKLog [http-nio-8088-exec-1] A cookie header was received [product_view[is_grid]=2;] that contained an invalid cookie. That cookie will be ignored.
 Note: further occurrences of this error will be logged at DEBUG level.
2026-07-07 09:44:57,754 INFO o.a.j.l.DirectJDKLog [http-nio-8088-exec-1] Initializing Spring DispatcherServlet 'dispatcherServlet'
2026-07-07 09:44:57,755 INFO o.s.w.s.FrameworkServlet [http-nio-8088-exec-1] Initializing Servlet 'dispatcherServlet'
2026-07-07 09:44:57,759 INFO o.s.w.s.FrameworkServlet [http-nio-8088-exec-1] Completed initialization in 3 ms
2026-07-07 09:44:58,966 INFO o.s.a.AbstractOpenApiResource [http-nio-8088-exec-1] Init duration for springdoc-openapi is: 1112 ms
2026-07-07 09:45:43,822 INFO o.s.b.t.GracefulShutdown [SpringApplicationShutdownHook] Commencing graceful shutdown. Waiting for active requests to complete
2026-07-07 09:45:43,837 INFO o.s.b.t.GracefulShutdown [tomcat-shutdown] Graceful shutdown complete
2026-07-07 09:45:43,844 INFO o.s.o.j.AbstractEntityManagerFactoryBean [SpringApplicationShutdownHook] Closing JPA EntityManagerFactory for persistence unit 'default'
2026-07-07 09:45:43,847 INFO c.z.h.HikariDataSource [SpringApplicationShutdownHook] HikariPool-1 - Shutdown initiated...
2026-07-07 09:45:43,854 INFO c.z.h.HikariDataSource [SpringApplicationShutdownHook] HikariPool-1 - Shutdown completed.
2026-07-07 09:45:48,101 INFO o.h.v.i.u.Version [background-preinit] HV000001: Hibernate Validator 9.1.0.Final
2026-07-07 09:45:48,176 INFO o.s.b.StartupInfoLogger [main] Starting LearncoreApplication using Java 21.0.6 with PID 2068 (C:\Users\USER\Desktop\PROJECTS\Tage Mage\LearnCore\learncore\target\classes started by USER in C:\Users\USER\Desktop\PROJECTS\Tage Mage\LearnCore\learncore)
2026-07-07 09:45:48,179 DEBUG o.s.b.StartupInfoLogger [main] Running with Spring Boot v4.1.0, Spring v7.0.8
2026-07-07 09:45:48,182 INFO o.s.b.SpringApplication [main] The following 1 profile is active: "dev"
2026-07-07 09:45:49,534 INFO o.s.d.r.c.RepositoryConfigurationDelegate [main] Bootstrapping Spring Data JPA repositories in DEFAULT mode.
2026-07-07 09:45:49,659 INFO o.s.d.r.c.RepositoryConfigurationDelegate [main] Finished Spring Data repository scanning in 114 ms. Found 9 JPA repository interfaces.
2026-07-07 09:45:50,681 INFO o.s.b.t.TomcatWebServer [main] Tomcat initialized with port 8088 (http)
2026-07-07 09:45:50,697 INFO o.a.j.l.DirectJDKLog [main] Initializing ProtocolHandler ["http-nio-8088"]
2026-07-07 09:45:50,701 INFO o.a.j.l.DirectJDKLog [main] Starting service [Tomcat]
2026-07-07 09:45:50,701 INFO o.a.j.l.DirectJDKLog [main] Starting Servlet engine: [Apache Tomcat/11.0.22]
2026-07-07 09:45:50,772 INFO o.s.b.w.c.s.WebApplicationContextInitializer [main] Root WebApplicationContext: initialization completed in 2490 ms
2026-07-07 09:45:51,045 INFO o.h.j.i.u.LogHelper [main] HHH008540: Processing PersistenceUnitInfo [name: default]
2026-07-07 09:45:51,128 INFO o.h.Version [main] HHH000001: Hibernate ORM core version 7.4.1.Final
2026-07-07 09:45:51,748 INFO o.s.o.j.p.SpringPersistenceUnitInfo [main] No LoadTimeWeaver setup: ignoring JPA class transformer
2026-07-07 09:45:51,795 INFO c.z.h.HikariDataSource [main] HikariPool-1 - Starting...
2026-07-07 09:45:52,285 INFO c.z.h.p.HikariPool [main] HikariPool-1 - Added connection com.mysql.cj.jdbc.ConnectionImpl@3321fb65
2026-07-07 09:45:52,324 INFO c.z.h.HikariDataSource [main] HikariPool-1 - Start completed.
2026-07-07 09:45:52,499 WARN o.h.e.j.d.i.DialectFactoryImpl [main] HHH90000025: MySQLDialect does not need to be specified explicitly using 'hibernate.dialect' (remove the property setting and it will be selected by default)
2026-07-07 09:45:52,527 INFO o.h.e.j.e.i.JdbcEnvironmentInitiator [main] HHH10001005: Database info:
	Database JDBC URL [jdbc:mysql://localhost:3306/learncore]
	Database driver: MySQL Connector/J
	Database dialect: MySQLDialect
	Database version: 9.1
	Default catalog/schema: learncore/undefined
	Autocommit mode: undefined/unknown
	Isolation level: REPEATABLE_READ [default REPEATABLE_READ]
	JDBC fetch size: none
	Pool: DataSourceConnectionProvider
	Minimum pool size: undefined/unknown
	Maximum pool size: undefined/unknown
2026-07-07 09:45:54,447 INFO o.h.e.t.j.p.i.JtaPlatformInitiator [main] HHH000489: No JTA platform available (set 'hibernate.transaction.jta.platform' to enable JTA platform integration)
2026-07-07 09:45:54,592 INFO o.s.o.j.AbstractEntityManagerFactoryBean [main] Initialized JPA EntityManagerFactory for persistence unit 'default'
2026-07-07 09:45:54,729 INFO o.s.d.j.r.q.QueryEnhancerFactories [main] Hibernate is in classpath; If applicable, HQL parser will be used.
2026-07-07 09:45:56,006 DEBUG o.s.w.f.GenericFilterBean [main] Filter 'spaWebFilter' configured for use
2026-07-07 09:45:56,014 DEBUG o.s.w.f.GenericFilterBean [main] Filter 'jwtFilter' configured for use
2026-07-07 09:45:56,342 INFO o.s.s.c.a.a.c.InitializeAuthenticationProviderBeanManagerConfigurer$InitializeAuthenticationProviderManagerConfigurer [main] Global AuthenticationManager configured with AuthenticationProvider bean with name authenticationProvider
2026-07-07 09:45:56,345 WARN o.s.s.c.a.a.c.InitializeUserDetailsBeanManagerConfigurer$InitializeUserDetailsManagerConfigurer [main] Global AuthenticationManager configured with an AuthenticationProvider bean. UserDetailsService beans will not be used by Spring Security for automatically configuring username/password login. Consider removing the AuthenticationProvider bean. Alternatively, consider using the UserDetailsService in a manually instantiated DaoAuthenticationProvider. If the current configuration is intentional, to turn off this warning, increase the logging level of 'org.springframework.security.config.annotation.authentication.configuration.InitializeUserDetailsBeanManagerConfigurer' to ERROR
2026-07-07 09:45:57,068 WARN o.s.b.j.a.JpaBaseConfiguration$JpaWebConfiguration [main] spring.jpa.open-in-view is enabled by default. Therefore, database queries may be performed during view rendering. Explicitly configure spring.jpa.open-in-view to disable this warning
2026-07-07 09:45:57,604 INFO o.s.b.w.a.WelcomePageHandlerMapping [main] Adding welcome page: class path resource [static/index.html]
2026-07-07 09:45:58,279 INFO o.a.j.l.DirectJDKLog [main] Starting ProtocolHandler ["http-nio-8088"]
2026-07-07 09:45:58,306 INFO o.s.b.t.TomcatWebServer [main] Tomcat started on port 8088 (http) with context path '/'
2026-07-07 09:45:58,318 INFO o.s.b.StartupInfoLogger [main] Started LearncoreApplication in 10.948 seconds (process running for 11.48)
2026-07-07 09:45:58,756 INFO c.d.l.c.DataSeeder [main] Assigned 22 permissions to role SUPER_ADMIN
2026-07-07 09:45:58,856 INFO c.d.l.c.DataSeeder [main] Assigned 9 permissions to role PLATFORM_MANAGER
2026-07-07 09:45:58,878 INFO c.d.l.c.DataSeeder [main] Assigned 10 permissions to role TENANT_ADMIN
2026-07-07 09:45:58,918 INFO c.d.l.c.DataSeeder [main] Data seeding complete. Tenant 'objectif600' uuid=tn_f04a09c972de49a989362c3e0972a6e4
2026-07-07 09:46:08,214 INFO o.a.j.l.DirectJDKLog [http-nio-8088-exec-1] A cookie header was received [product_view[is_grid]=2;] that contained an invalid cookie. That cookie will be ignored.
 Note: further occurrences of this error will be logged at DEBUG level.
2026-07-07 09:46:08,221 INFO o.a.j.l.DirectJDKLog [http-nio-8088-exec-1] Initializing Spring DispatcherServlet 'dispatcherServlet'
2026-07-07 09:46:08,224 INFO o.s.w.s.FrameworkServlet [http-nio-8088-exec-1] Initializing Servlet 'dispatcherServlet'
2026-07-07 09:46:08,224 INFO o.s.w.s.FrameworkServlet [http-nio-8088-exec-1] Completed initialization in 0 ms
2026-07-07 09:46:09,413 INFO o.s.a.AbstractOpenApiResource [http-nio-8088-exec-1] Init duration for springdoc-openapi is: 1103 ms
2026-07-07 10:16:36,389 INFO o.s.b.t.GracefulShutdown [SpringApplicationShutdownHook] Commencing graceful shutdown. Waiting for active requests to complete
2026-07-07 10:16:36,438 INFO o.s.b.t.GracefulShutdown [tomcat-shutdown] Graceful shutdown complete
2026-07-07 10:16:36,461 INFO o.s.o.j.AbstractEntityManagerFactoryBean [SpringApplicationShutdownHook] Closing JPA EntityManagerFactory for persistence unit 'default'
2026-07-07 10:16:36,490 INFO c.z.h.HikariDataSource [SpringApplicationShutdownHook] HikariPool-1 - Shutdown initiated...
2026-07-07 10:16:36,499 INFO c.z.h.HikariDataSource [SpringApplicationShutdownHook] HikariPool-1 - Shutdown completed.
2026-07-07 10:16:41,788 INFO o.h.v.i.u.Version [background-preinit] HV000001: Hibernate Validator 9.1.0.Final
2026-07-07 10:16:41,846 INFO o.s.b.StartupInfoLogger [main] Starting LearncoreApplication using Java 21.0.6 with PID 7484 (C:\Users\USER\Desktop\PROJECTS\Tage Mage\LearnCore\learncore\target\classes started by USER in C:\Users\USER\Desktop\PROJECTS\Tage Mage\LearnCore\learncore)
2026-07-07 10:16:41,846 DEBUG o.s.b.StartupInfoLogger [main] Running with Spring Boot v4.1.0, Spring v7.0.8
2026-07-07 10:16:41,846 INFO o.s.b.SpringApplication [main] The following 1 profile is active: "dev"
2026-07-07 10:16:43,197 INFO o.s.d.r.c.RepositoryConfigurationDelegate [main] Bootstrapping Spring Data JPA repositories in DEFAULT mode.
2026-07-07 10:16:43,300 INFO o.s.d.r.c.RepositoryConfigurationDelegate [main] Finished Spring Data repository scanning in 94 ms. Found 9 JPA repository interfaces.
2026-07-07 10:16:44,267 INFO o.s.b.t.TomcatWebServer [main] Tomcat initialized with port 8088 (http)
2026-07-07 10:16:44,291 INFO o.a.j.l.DirectJDKLog [main] Initializing ProtocolHandler ["http-nio-8088"]
2026-07-07 10:16:44,296 INFO o.a.j.l.DirectJDKLog [main] Starting service [Tomcat]
2026-07-07 10:16:44,298 INFO o.a.j.l.DirectJDKLog [main] Starting Servlet engine: [Apache Tomcat/11.0.22]
2026-07-07 10:16:44,382 INFO o.s.b.w.c.s.WebApplicationContextInitializer [main] Root WebApplicationContext: initialization completed in 2454 ms
2026-07-07 10:16:44,630 INFO o.h.j.i.u.LogHelper [main] HHH008540: Processing PersistenceUnitInfo [name: default]
2026-07-07 10:16:44,701 INFO o.h.Version [main] HHH000001: Hibernate ORM core version 7.4.1.Final
2026-07-07 10:16:45,212 INFO o.s.o.j.p.SpringPersistenceUnitInfo [main] No LoadTimeWeaver setup: ignoring JPA class transformer
2026-07-07 10:16:45,256 INFO c.z.h.HikariDataSource [main] HikariPool-1 - Starting...
2026-07-07 10:16:45,670 INFO c.z.h.p.HikariPool [main] HikariPool-1 - Added connection com.mysql.cj.jdbc.ConnectionImpl@3b0c38f2
2026-07-07 10:16:45,670 INFO c.z.h.HikariDataSource [main] HikariPool-1 - Start completed.
2026-07-07 10:16:45,738 WARN o.h.e.j.d.i.DialectFactoryImpl [main] HHH90000025: MySQLDialect does not need to be specified explicitly using 'hibernate.dialect' (remove the property setting and it will be selected by default)
2026-07-07 10:16:45,764 INFO o.h.e.j.e.i.JdbcEnvironmentInitiator [main] HHH10001005: Database info:
	Database JDBC URL [jdbc:mysql://localhost:3306/learncore]
	Database driver: MySQL Connector/J
	Database dialect: MySQLDialect
	Database version: 9.1
	Default catalog/schema: learncore/undefined
	Autocommit mode: undefined/unknown
	Isolation level: REPEATABLE_READ [default REPEATABLE_READ]
	JDBC fetch size: none
	Pool: DataSourceConnectionProvider
	Minimum pool size: undefined/unknown
	Maximum pool size: undefined/unknown
2026-07-07 10:16:47,877 INFO o.h.e.t.j.p.i.JtaPlatformInitiator [main] HHH000489: No JTA platform available (set 'hibernate.transaction.jta.platform' to enable JTA platform integration)
2026-07-07 10:16:47,997 INFO o.s.o.j.AbstractEntityManagerFactoryBean [main] Initialized JPA EntityManagerFactory for persistence unit 'default'
2026-07-07 10:16:48,109 INFO o.s.d.j.r.q.QueryEnhancerFactories [main] Hibernate is in classpath; If applicable, HQL parser will be used.
2026-07-07 10:16:49,573 DEBUG o.s.w.f.GenericFilterBean [main] Filter 'spaWebFilter' configured for use
2026-07-07 10:16:49,577 DEBUG o.s.w.f.GenericFilterBean [main] Filter 'jwtFilter' configured for use
2026-07-07 10:16:49,915 INFO o.s.s.c.a.a.c.InitializeAuthenticationProviderBeanManagerConfigurer$InitializeAuthenticationProviderManagerConfigurer [main] Global AuthenticationManager configured with AuthenticationProvider bean with name authenticationProvider
2026-07-07 10:16:49,917 WARN o.s.s.c.a.a.c.InitializeUserDetailsBeanManagerConfigurer$InitializeUserDetailsManagerConfigurer [main] Global AuthenticationManager configured with an AuthenticationProvider bean. UserDetailsService beans will not be used by Spring Security for automatically configuring username/password login. Consider removing the AuthenticationProvider bean. Alternatively, consider using the UserDetailsService in a manually instantiated DaoAuthenticationProvider. If the current configuration is intentional, to turn off this warning, increase the logging level of 'org.springframework.security.config.annotation.authentication.configuration.InitializeUserDetailsBeanManagerConfigurer' to ERROR
2026-07-07 10:16:50,564 WARN o.s.b.j.a.JpaBaseConfiguration$JpaWebConfiguration [main] spring.jpa.open-in-view is enabled by default. Therefore, database queries may be performed during view rendering. Explicitly configure spring.jpa.open-in-view to disable this warning
2026-07-07 10:16:51,172 INFO o.s.b.w.a.WelcomePageHandlerMapping [main] Adding welcome page: class path resource [static/index.html]
2026-07-07 10:16:51,997 INFO o.a.j.l.DirectJDKLog [main] Starting ProtocolHandler ["http-nio-8088"]
2026-07-07 10:16:52,019 INFO o.s.b.t.TomcatWebServer [main] Tomcat started on port 8088 (http) with context path '/'
2026-07-07 10:16:52,032 INFO o.s.b.StartupInfoLogger [main] Started LearncoreApplication in 10.939 seconds (process running for 11.482)
2026-07-07 10:16:52,373 INFO c.d.l.c.DataSeeder [main] Assigned 22 permissions to role SUPER_ADMIN
2026-07-07 10:16:52,469 INFO c.d.l.c.DataSeeder [main] Assigned 9 permissions to role PLATFORM_MANAGER
2026-07-07 10:16:52,487 INFO c.d.l.c.DataSeeder [main] Assigned 10 permissions to role TENANT_ADMIN
2026-07-07 10:16:52,532 INFO c.d.l.c.DataSeeder [main] Data seeding complete. Tenant 'objectif600' uuid=tn_f04a09c972de49a989362c3e0972a6e4
2026-07-07 10:17:44,253 INFO o.a.j.l.DirectJDKLog [http-nio-8088-exec-1] Initializing Spring DispatcherServlet 'dispatcherServlet'
2026-07-07 10:17:44,253 INFO o.s.w.s.FrameworkServlet [http-nio-8088-exec-1] Initializing Servlet 'dispatcherServlet'
2026-07-07 10:17:44,257 INFO o.s.w.s.FrameworkServlet [http-nio-8088-exec-1] Completed initialization in 2 ms
2026-07-07 10:17:50,914 WARN o.s.d.w.c.SpringDataJackson3Configuration$PageModule$WarningLoggingModifier [http-nio-8088-exec-4] Serializing PageImpl instances as-is is not supported, meaning that there is no guarantee about the stability of the resulting JSON structure!
	For a stable JSON structure, please use Spring Data's PagedModel (globally via @EnableSpringDataWebSupport(pageSerializationMode = VIA_DTO))
	or Spring HATEOAS and Spring Data's PagedResourcesAssembler as documented in https://docs.spring.io/spring-data/commons/reference/repositories/core-extensions.html#core.web.pageables.

2026-07-07 10:48:13,683 INFO o.s.b.t.GracefulShutdown [SpringApplicationShutdownHook] Commencing graceful shutdown. Waiting for active requests to complete
2026-07-07 10:48:13,717 INFO o.s.b.t.GracefulShutdown [tomcat-shutdown] Graceful shutdown complete
2026-07-07 10:48:13,744 INFO o.s.o.j.AbstractEntityManagerFactoryBean [SpringApplicationShutdownHook] Closing JPA EntityManagerFactory for persistence unit 'default'
2026-07-07 10:48:13,764 INFO c.z.h.HikariDataSource [SpringApplicationShutdownHook] HikariPool-1 - Shutdown initiated...
2026-07-07 10:48:13,780 INFO c.z.h.HikariDataSource [SpringApplicationShutdownHook] HikariPool-1 - Shutdown completed.
2026-07-07 10:48:21,154 INFO o.h.v.i.u.Version [background-preinit] HV000001: Hibernate Validator 9.1.0.Final
2026-07-07 10:48:21,402 INFO o.s.b.StartupInfoLogger [main] Starting LearncoreApplication using Java 21.0.6 with PID 7636 (C:\Users\USER\Desktop\PROJECTS\Tage Mage\LearnCore\learncore\target\classes started by USER in C:\Users\USER\Desktop\PROJECTS\Tage Mage\LearnCore\learncore)
2026-07-07 10:48:21,408 DEBUG o.s.b.StartupInfoLogger [main] Running with Spring Boot v4.1.0, Spring v7.0.8
2026-07-07 10:48:21,412 INFO o.s.b.SpringApplication [main] The following 1 profile is active: "dev"
2026-07-07 10:48:24,856 INFO o.s.d.r.c.RepositoryConfigurationDelegate [main] Bootstrapping Spring Data JPA repositories in DEFAULT mode.
2026-07-07 10:48:25,124 INFO o.s.d.r.c.RepositoryConfigurationDelegate [main] Finished Spring Data repository scanning in 248 ms. Found 9 JPA repository interfaces.
2026-07-07 10:48:27,498 INFO o.s.b.t.TomcatWebServer [main] Tomcat initialized with port 8088 (http)
2026-07-07 10:48:27,542 INFO o.a.j.l.DirectJDKLog [main] Initializing ProtocolHandler ["http-nio-8088"]
2026-07-07 10:48:27,551 INFO o.a.j.l.DirectJDKLog [main] Starting service [Tomcat]
2026-07-07 10:48:27,551 INFO o.a.j.l.DirectJDKLog [main] Starting Servlet engine: [Apache Tomcat/11.0.22]
2026-07-07 10:48:27,750 INFO o.s.b.w.c.s.WebApplicationContextInitializer [main] Root WebApplicationContext: initialization completed in 6106 ms
2026-07-07 10:48:28,320 INFO o.h.j.i.u.LogHelper [main] HHH008540: Processing PersistenceUnitInfo [name: default]
2026-07-07 10:48:28,498 INFO o.h.Version [main] HHH000001: Hibernate ORM core version 7.4.1.Final
2026-07-07 10:48:29,470 INFO o.s.o.j.p.SpringPersistenceUnitInfo [main] No LoadTimeWeaver setup: ignoring JPA class transformer
2026-07-07 10:48:29,534 INFO c.z.h.HikariDataSource [main] HikariPool-1 - Starting...
2026-07-07 10:48:30,837 INFO c.z.h.p.HikariPool [main] HikariPool-1 - Added connection com.mysql.cj.jdbc.ConnectionImpl@5e5a2b74
2026-07-07 10:48:30,841 INFO c.z.h.HikariDataSource [main] HikariPool-1 - Start completed.
2026-07-07 10:48:31,016 WARN o.h.e.j.d.i.DialectFactoryImpl [main] HHH90000025: MySQLDialect does not need to be specified explicitly using 'hibernate.dialect' (remove the property setting and it will be selected by default)
2026-07-07 10:48:31,061 INFO o.h.e.j.e.i.JdbcEnvironmentInitiator [main] HHH10001005: Database info:
	Database JDBC URL [jdbc:mysql://localhost:3306/learncore]
	Database driver: MySQL Connector/J
	Database dialect: MySQLDialect
	Database version: 9.1
	Default catalog/schema: learncore/undefined
	Autocommit mode: undefined/unknown
	Isolation level: REPEATABLE_READ [default REPEATABLE_READ]
	JDBC fetch size: none
	Pool: DataSourceConnectionProvider
	Minimum pool size: undefined/unknown
	Maximum pool size: undefined/unknown
2026-07-07 10:48:34,545 INFO o.h.e.t.j.p.i.JtaPlatformInitiator [main] HHH000489: No JTA platform available (set 'hibernate.transaction.jta.platform' to enable JTA platform integration)
2026-07-07 10:48:34,784 INFO o.s.o.j.AbstractEntityManagerFactoryBean [main] Initialized JPA EntityManagerFactory for persistence unit 'default'
2026-07-07 10:48:35,065 INFO o.s.d.j.r.q.QueryEnhancerFactories [main] Hibernate is in classpath; If applicable, HQL parser will be used.
2026-07-07 10:48:37,999 DEBUG o.s.w.f.GenericFilterBean [main] Filter 'spaWebFilter' configured for use
2026-07-07 10:48:38,004 DEBUG o.s.w.f.GenericFilterBean [main] Filter 'jwtFilter' configured for use
2026-07-07 10:48:38,478 INFO o.s.s.c.a.a.c.InitializeAuthenticationProviderBeanManagerConfigurer$InitializeAuthenticationProviderManagerConfigurer [main] Global AuthenticationManager configured with AuthenticationProvider bean with name authenticationProvider
2026-07-07 10:48:38,480 WARN o.s.s.c.a.a.c.InitializeUserDetailsBeanManagerConfigurer$InitializeUserDetailsManagerConfigurer [main] Global AuthenticationManager configured with an AuthenticationProvider bean. UserDetailsService beans will not be used by Spring Security for automatically configuring username/password login. Consider removing the AuthenticationProvider bean. Alternatively, consider using the UserDetailsService in a manually instantiated DaoAuthenticationProvider. If the current configuration is intentional, to turn off this warning, increase the logging level of 'org.springframework.security.config.annotation.authentication.configuration.InitializeUserDetailsBeanManagerConfigurer' to ERROR
2026-07-07 10:48:40,261 WARN o.s.b.j.a.JpaBaseConfiguration$JpaWebConfiguration [main] spring.jpa.open-in-view is enabled by default. Therefore, database queries may be performed during view rendering. Explicitly configure spring.jpa.open-in-view to disable this warning
2026-07-07 10:48:42,118 INFO o.s.b.w.a.WelcomePageHandlerMapping [main] Adding welcome page: class path resource [static/index.html]
2026-07-07 10:48:43,387 INFO o.a.j.l.DirectJDKLog [main] Starting ProtocolHandler ["http-nio-8088"]
2026-07-07 10:48:43,467 INFO o.s.b.t.TomcatWebServer [main] Tomcat started on port 8088 (http) with context path '/'
2026-07-07 10:48:43,529 INFO o.s.b.StartupInfoLogger [main] Started LearncoreApplication in 24.581 seconds (process running for 26.69)
2026-07-07 10:48:44,212 INFO c.d.l.c.DataSeeder [main] Assigned 22 permissions to role SUPER_ADMIN
2026-07-07 10:48:44,355 INFO c.d.l.c.DataSeeder [main] Assigned 9 permissions to role PLATFORM_MANAGER
2026-07-07 10:48:44,384 INFO c.d.l.c.DataSeeder [main] Assigned 10 permissions to role TENANT_ADMIN
2026-07-07 10:48:44,511 INFO c.d.l.c.DataSeeder [main] Data seeding complete. Tenant 'objectif600' uuid=tn_f04a09c972de49a989362c3e0972a6e4
2026-07-07 11:26:48,309 INFO o.a.j.l.DirectJDKLog [http-nio-8088-exec-2] Initializing Spring DispatcherServlet 'dispatcherServlet'
2026-07-07 11:26:48,325 INFO o.s.w.s.FrameworkServlet [http-nio-8088-exec-2] Initializing Servlet 'dispatcherServlet'
2026-07-07 11:26:48,393 INFO o.s.w.s.FrameworkServlet [http-nio-8088-exec-2] Completed initialization in 67 ms
2026-07-07 11:26:49,195 WARN o.s.d.w.c.SpringDataJackson3Configuration$PageModule$WarningLoggingModifier [http-nio-8088-exec-1] Serializing PageImpl instances as-is is not supported, meaning that there is no guarantee about the stability of the resulting JSON structure!
	For a stable JSON structure, please use Spring Data's PagedModel (globally via @EnableSpringDataWebSupport(pageSerializationMode = VIA_DTO))
	or Spring HATEOAS and Spring Data's PagedResourcesAssembler as documented in https://docs.spring.io/spring-data/commons/reference/repositories/core-extensions.html#core.web.pageables.

2026-07-07 13:40:36,424 WARN c.z.h.p.HikariPool$HouseKeeper [HikariPool-1:housekeeper] HikariPool-1 - Thread starvation or clock leap detected (housekeeper delta=14m32s920ms363µs).
2026-07-07 14:00:20,458 WARN c.z.h.p.HikariPool$HouseKeeper [HikariPool-1:housekeeper] HikariPool-1 - Thread starvation or clock leap detected (housekeeper delta=6m42s15ms289µs700ns).
2026-07-07 14:15:04,213 INFO o.s.b.t.GracefulShutdown [SpringApplicationShutdownHook] Commencing graceful shutdown. Waiting for active requests to complete
2026-07-07 14:15:04,236 INFO o.s.b.t.GracefulShutdown [tomcat-shutdown] Graceful shutdown complete
2026-07-07 14:15:04,254 INFO o.s.o.j.AbstractEntityManagerFactoryBean [SpringApplicationShutdownHook] Closing JPA EntityManagerFactory for persistence unit 'default'
2026-07-07 14:15:04,260 INFO c.z.h.HikariDataSource [SpringApplicationShutdownHook] HikariPool-1 - Shutdown initiated...
2026-07-07 14:15:04,266 INFO c.z.h.HikariDataSource [SpringApplicationShutdownHook] HikariPool-1 - Shutdown completed.
2026-07-07 14:15:10,738 INFO o.h.v.i.u.Version [background-preinit] HV000001: Hibernate Validator 9.1.0.Final
2026-07-07 14:15:10,838 INFO o.s.b.StartupInfoLogger [main] Starting LearncoreApplication using Java 21.0.6 with PID 28316 (C:\Users\USER\Desktop\PROJECTS\Tage Mage\LearnCore\learncore\target\classes started by USER in C:\Users\USER\Desktop\PROJECTS\Tage Mage\LearnCore\learncore)
2026-07-07 14:15:10,838 DEBUG o.s.b.StartupInfoLogger [main] Running with Spring Boot v4.1.0, Spring v7.0.8
2026-07-07 14:15:10,840 INFO o.s.b.SpringApplication [main] The following 1 profile is active: "dev"
2026-07-07 14:15:13,146 INFO o.s.d.r.c.RepositoryConfigurationDelegate [main] Bootstrapping Spring Data JPA repositories in DEFAULT mode.
2026-07-07 14:15:13,471 INFO o.s.d.r.c.RepositoryConfigurationDelegate [main] Finished Spring Data repository scanning in 303 ms. Found 9 JPA repository interfaces.
2026-07-07 14:15:16,298 INFO o.s.b.t.TomcatWebServer [main] Tomcat initialized with port 8088 (http)
2026-07-07 14:15:16,342 INFO o.a.j.l.DirectJDKLog [main] Initializing ProtocolHandler ["http-nio-8088"]
2026-07-07 14:15:16,342 INFO o.a.j.l.DirectJDKLog [main] Starting service [Tomcat]
2026-07-07 14:15:16,342 INFO o.a.j.l.DirectJDKLog [main] Starting Servlet engine: [Apache Tomcat/11.0.22]
2026-07-07 14:15:16,605 INFO o.s.b.w.c.s.WebApplicationContextInitializer [main] Root WebApplicationContext: initialization completed in 5647 ms
2026-07-07 14:15:17,336 INFO o.h.j.i.u.LogHelper [main] HHH008540: Processing PersistenceUnitInfo [name: default]
2026-07-07 14:15:17,596 INFO o.h.Version [main] HHH000001: Hibernate ORM core version 7.4.1.Final
2026-07-07 14:15:18,924 INFO o.s.o.j.p.SpringPersistenceUnitInfo [main] No LoadTimeWeaver setup: ignoring JPA class transformer
2026-07-07 14:15:19,027 INFO c.z.h.HikariDataSource [main] HikariPool-1 - Starting...
2026-07-07 14:15:20,227 INFO c.z.h.p.HikariPool [main] HikariPool-1 - Added connection com.mysql.cj.jdbc.ConnectionImpl@5470753a
2026-07-07 14:15:20,227 INFO c.z.h.HikariDataSource [main] HikariPool-1 - Start completed.
2026-07-07 14:15:20,416 WARN o.h.e.j.d.i.DialectFactoryImpl [main] HHH90000025: MySQLDialect does not need to be specified explicitly using 'hibernate.dialect' (remove the property setting and it will be selected by default)
2026-07-07 14:15:20,502 INFO o.h.e.j.e.i.JdbcEnvironmentInitiator [main] HHH10001005: Database info:
	Database JDBC URL [jdbc:mysql://localhost:3306/learncore]
	Database driver: MySQL Connector/J
	Database dialect: MySQLDialect
	Database version: 9.1
	Default catalog/schema: learncore/undefined
	Autocommit mode: undefined/unknown
	Isolation level: REPEATABLE_READ [default REPEATABLE_READ]
	JDBC fetch size: none
	Pool: DataSourceConnectionProvider
	Minimum pool size: undefined/unknown
	Maximum pool size: undefined/unknown
2026-07-07 14:15:24,335 INFO o.h.e.t.j.p.i.JtaPlatformInitiator [main] HHH000489: No JTA platform available (set 'hibernate.transaction.jta.platform' to enable JTA platform integration)
2026-07-07 14:15:24,605 INFO o.s.o.j.AbstractEntityManagerFactoryBean [main] Initialized JPA EntityManagerFactory for persistence unit 'default'
2026-07-07 14:15:24,821 INFO o.s.d.j.r.q.QueryEnhancerFactories [main] Hibernate is in classpath; If applicable, HQL parser will be used.
2026-07-07 14:15:27,643 DEBUG o.s.w.f.GenericFilterBean [main] Filter 'spaWebFilter' configured for use
2026-07-07 14:15:27,651 DEBUG o.s.w.f.GenericFilterBean [main] Filter 'jwtFilter' configured for use
2026-07-07 14:15:28,076 INFO o.s.s.c.a.a.c.InitializeAuthenticationProviderBeanManagerConfigurer$InitializeAuthenticationProviderManagerConfigurer [main] Global AuthenticationManager configured with AuthenticationProvider bean with name authenticationProvider
2026-07-07 14:15:28,076 WARN o.s.s.c.a.a.c.InitializeUserDetailsBeanManagerConfigurer$InitializeUserDetailsManagerConfigurer [main] Global AuthenticationManager configured with an AuthenticationProvider bean. UserDetailsService beans will not be used by Spring Security for automatically configuring username/password login. Consider removing the AuthenticationProvider bean. Alternatively, consider using the UserDetailsService in a manually instantiated DaoAuthenticationProvider. If the current configuration is intentional, to turn off this warning, increase the logging level of 'org.springframework.security.config.annotation.authentication.configuration.InitializeUserDetailsBeanManagerConfigurer' to ERROR
2026-07-07 14:15:29,301 WARN o.s.b.j.a.JpaBaseConfiguration$JpaWebConfiguration [main] spring.jpa.open-in-view is enabled by default. Therefore, database queries may be performed during view rendering. Explicitly configure spring.jpa.open-in-view to disable this warning
2026-07-07 14:15:30,464 INFO o.s.b.w.a.WelcomePageHandlerMapping [main] Adding welcome page: class path resource [static/index.html]
2026-07-07 14:15:31,843 INFO o.a.j.l.DirectJDKLog [main] Starting ProtocolHandler ["http-nio-8088"]
2026-07-07 14:15:31,910 INFO o.s.b.t.TomcatWebServer [main] Tomcat started on port 8088 (http) with context path '/'
2026-07-07 14:15:31,938 INFO o.s.b.StartupInfoLogger [main] Started LearncoreApplication in 22.145 seconds (process running for 22.949)
2026-07-07 14:15:32,637 INFO c.d.l.c.DataSeeder [main] Assigned 22 permissions to role SUPER_ADMIN
2026-07-07 14:15:32,854 INFO c.d.l.c.DataSeeder [main] Assigned 9 permissions to role PLATFORM_MANAGER
2026-07-07 14:15:32,899 INFO c.d.l.c.DataSeeder [main] Assigned 10 permissions to role TENANT_ADMIN
2026-07-07 14:15:32,983 INFO c.d.l.c.DataSeeder [main] Data seeding complete. Tenant 'objectif600' uuid=tn_f04a09c972de49a989362c3e0972a6e4
2026-07-07 14:15:41,066 INFO o.a.j.l.DirectJDKLog [http-nio-8088-exec-2] Initializing Spring DispatcherServlet 'dispatcherServlet'
2026-07-07 14:15:41,066 INFO o.s.w.s.FrameworkServlet [http-nio-8088-exec-2] Initializing Servlet 'dispatcherServlet'
2026-07-07 14:15:41,083 INFO o.s.w.s.FrameworkServlet [http-nio-8088-exec-2] Completed initialization in 17 ms
2026-07-07 14:15:41,713 WARN o.s.d.w.c.SpringDataJackson3Configuration$PageModule$WarningLoggingModifier [http-nio-8088-exec-2] Serializing PageImpl instances as-is is not supported, meaning that there is no guarantee about the stability of the resulting JSON structure!
	For a stable JSON structure, please use Spring Data's PagedModel (globally via @EnableSpringDataWebSupport(pageSerializationMode = VIA_DTO))
	or Spring HATEOAS and Spring Data's PagedResourcesAssembler as documented in https://docs.spring.io/spring-data/commons/reference/repositories/core-extensions.html#core.web.pageables.

2026-07-07 14:31:54,488 WARN c.z.h.p.HikariPool$HouseKeeper [HikariPool-1:housekeeper] HikariPool-1 - Thread starvation or clock leap detected (housekeeper delta=7m4s24ms397µs200ns).
2026-07-07 14:48:49,985 WARN c.z.h.p.HikariPool$HouseKeeper [HikariPool-1:housekeeper] HikariPool-1 - Thread starvation or clock leap detected (housekeeper delta=10m25s422ms7µs300ns).
2026-07-07 15:56:42,015 WARN c.z.h.p.HikariPool$HouseKeeper [HikariPool-1:housekeeper] HikariPool-1 - Thread starvation or clock leap detected (housekeeper delta=2m21s11ms150µs200ns).
2026-07-07 17:21:48,402 WARN c.z.h.p.HikariPool$HouseKeeper [HikariPool-1:housekeeper] HikariPool-1 - Thread starvation or clock leap detected (housekeeper delta=4m35s163ms492µs200ns).
2026-07-07 17:52:55,266 WARN c.z.h.p.HikariPool$HouseKeeper [HikariPool-1:housekeeper] HikariPool-1 - Thread starvation or clock leap detected (housekeeper delta=19m36s634ms490µs900ns).
2026-07-07 18:20:33,650 WARN c.z.h.p.HikariPool$HouseKeeper [HikariPool-1:housekeeper] HikariPool-1 - Thread starvation or clock leap detected (housekeeper delta=27m38s384ms297µs499ns).
2026-07-07 22:18:43,917 WARN c.z.h.p.HikariPool$HouseKeeper [HikariPool-1:housekeeper] HikariPool-1 - Thread starvation or clock leap detected (housekeeper delta=8m36s770ms98µs701ns).
